Archive member included to satisfy reference by file (symbol)

C:\Users\gtetil\Documents\Projects\dio-module-code\ArduinoCore\Release\libArduinoCore.a(main.o)
                              C:/Program Files (x86)/Atmel/Studio/7.0/Packs/atmel/ATmega_DFP/1.2.272/gcc/dev/atmega328p/avr5/crtatmega328p.o (main)
C:\Users\gtetil\Documents\Projects\dio-module-code\ArduinoCore\Release\libArduinoCore.a(WInterrupts.o)
                              main.o (attachInterrupt)
C:\Users\gtetil\Documents\Projects\dio-module-code\ArduinoCore\Release\libArduinoCore.a(wiring.o)
                              C:\Users\gtetil\Documents\Projects\dio-module-code\ArduinoCore\Release\libArduinoCore.a(main.o) (init)
C:\Users\gtetil\Documents\Projects\dio-module-code\ArduinoCore\Release\libArduinoCore.a(wiring_digital.o)
                              main.o (pinMode)
C:\Users\gtetil\Documents\Projects\dio-module-code\ArduinoCore\Release\libArduinoCore.a(mcp_can.o)
                              main.o (_ZN7MCP_CAN14setSleepWakeupEh)
C:\Users\gtetil\Documents\Projects\dio-module-code\ArduinoCore\Release\libArduinoCore.a(SPI.o)
                              C:\Users\gtetil\Documents\Projects\dio-module-code\ArduinoCore\Release\libArduinoCore.a(mcp_can.o) (_ZN8SPIClass5beginEv)
C:\Users\gtetil\Documents\Projects\dio-module-code\ArduinoCore\Release\libArduinoCore.a(HardwareSerial0.o)
                              C:\Users\gtetil\Documents\Projects\dio-module-code\ArduinoCore\Release\libArduinoCore.a(mcp_can.o) (Serial)
C:\Users\gtetil\Documents\Projects\dio-module-code\ArduinoCore\Release\libArduinoCore.a(hooks.o)
                              C:\Users\gtetil\Documents\Projects\dio-module-code\ArduinoCore\Release\libArduinoCore.a(wiring.o) (yield)
C:\Users\gtetil\Documents\Projects\dio-module-code\ArduinoCore\Release\libArduinoCore.a(Print.o)
                              C:\Users\gtetil\Documents\Projects\dio-module-code\ArduinoCore\Release\libArduinoCore.a(mcp_can.o) (_ZN5Print5printEPKc)
C:\Users\gtetil\Documents\Projects\dio-module-code\ArduinoCore\Release\libArduinoCore.a(abi.o)
                              C:\Users\gtetil\Documents\Projects\dio-module-code\ArduinoCore\Release\libArduinoCore.a(Print.o) (__cxa_pure_virtual)
C:\Users\gtetil\Documents\Projects\dio-module-code\ArduinoCore\Release\libArduinoCore.a(HardwareSerial.o)
                              C:\Users\gtetil\Documents\Projects\dio-module-code\ArduinoCore\Release\libArduinoCore.a(HardwareSerial0.o) (_ZN14HardwareSerial9availableEv)
c:/program files (x86)/atmel/studio/7.0/toolchain/avr8/avr8-gnu-toolchain/bin/../lib/gcc/avr/5.4.0/../../../../avr/lib/avr5\libm.a(addsf3.o)
                              C:\Users\gtetil\Documents\Projects\dio-module-code\ArduinoCore\Release\libArduinoCore.a(Print.o) (__subsf3)
c:/program files (x86)/atmel/studio/7.0/toolchain/avr8/avr8-gnu-toolchain/bin/../lib/gcc/avr/5.4.0/../../../../avr/lib/avr5\libm.a(addsf3x.o)
                              c:/program files (x86)/atmel/studio/7.0/toolchain/avr8/avr8-gnu-toolchain/bin/../lib/gcc/avr/5.4.0/../../../../avr/lib/avr5\libm.a(addsf3.o) (__addsf3x)
c:/program files (x86)/atmel/studio/7.0/toolchain/avr8/avr8-gnu-toolchain/bin/../lib/gcc/avr/5.4.0/../../../../avr/lib/avr5\libm.a(cmpsf2.o)
                              C:\Users\gtetil\Documents\Projects\dio-module-code\ArduinoCore\Release\libArduinoCore.a(Print.o) (__ltsf2)
c:/program files (x86)/atmel/studio/7.0/toolchain/avr8/avr8-gnu-toolchain/bin/../lib/gcc/avr/5.4.0/../../../../avr/lib/avr5\libm.a(divsf3.o)
                              C:\Users\gtetil\Documents\Projects\dio-module-code\ArduinoCore\Release\libArduinoCore.a(Print.o) (__divsf3)
c:/program files (x86)/atmel/studio/7.0/toolchain/avr8/avr8-gnu-toolchain/bin/../lib/gcc/avr/5.4.0/../../../../avr/lib/avr5\libm.a(divsf3x.o)
                              c:/program files (x86)/atmel/studio/7.0/toolchain/avr8/avr8-gnu-toolchain/bin/../lib/gcc/avr/5.4.0/../../../../avr/lib/avr5\libm.a(divsf3.o) (__divsf3x)
c:/program files (x86)/atmel/studio/7.0/toolchain/avr8/avr8-gnu-toolchain/bin/../lib/gcc/avr/5.4.0/../../../../avr/lib/avr5\libm.a(fixunssfsi.o)
                              C:\Users\gtetil\Documents\Projects\dio-module-code\ArduinoCore\Release\libArduinoCore.a(Print.o) (__fixunssfsi)
c:/program files (x86)/atmel/studio/7.0/toolchain/avr8/avr8-gnu-toolchain/bin/../lib/gcc/avr/5.4.0/../../../../avr/lib/avr5\libm.a(floatsisf.o)
                              C:\Users\gtetil\Documents\Projects\dio-module-code\ArduinoCore\Release\libArduinoCore.a(Print.o) (__floatunsisf)
c:/program files (x86)/atmel/studio/7.0/toolchain/avr8/avr8-gnu-toolchain/bin/../lib/gcc/avr/5.4.0/../../../../avr/lib/avr5\libm.a(fp_cmp.o)
                              c:/program files (x86)/atmel/studio/7.0/toolchain/avr8/avr8-gnu-toolchain/bin/../lib/gcc/avr/5.4.0/../../../../avr/lib/avr5\libm.a(cmpsf2.o) (__fp_cmp)
[...]
Memory Configuration

Name             Origin             Length             Attributes
text             0x00000000         0x00020000         xr
data             0x00800060         0x0000ffa0         rw !x
eeprom           0x00810000         0x00010000         rw !x
fuse             0x00820000         0x00000003         rw !x
lock             0x00830000         0x00000400         rw !x
signature        0x00840000         0x00000400         rw !x
user_signatures  0x00850000         0x00000400         rw !x
*default*        0x00000000         0xffffffff

Linker script and memory map

Address of section .data set to 0x800100
LOAD C:/Program Files (x86)/Atmel/Studio/7.0/Packs/atmel/ATmega_DFP/1.2.272/gcc/dev/atmega328p/avr5/crtatmega328p.o
LOAD main.o
START GROUP
LOAD c:/program files (x86)/atmel/studio/7.0/toolchain/avr8/avr8-gnu-toolchain/bin/../lib/gcc/avr/5.4.0/../../../../avr/lib/avr5\libm.a
LOAD C:\Users\gtetil\Documents\Projects\dio-module-code\ArduinoCore\Release\libArduinoCore.a
END GROUP
LOAD c:/program files (x86)/atmel/studio/7.0/toolchain/avr8/avr8-gnu-toolchain/bin/../lib/gcc/avr/5.4.0/avr5\libgcc.a
LOAD c:/program files (x86)/atmel/studio/7.0/toolchain/avr8/avr8-gnu-toolchain/bin/../lib/gcc/avr/5.4.0/../../../../avr/lib/avr5\libm.a
START GROUP
LOAD c:/program files (x86)/atmel/studio/7.0/toolchain/avr8/avr8-gnu-toolchain/bin/../lib/gcc/avr/5.4.0/avr5\libgcc.a
LOAD c:/program files (x86)/atmel/studio/7.0/toolchain/avr8/avr8-gnu-toolchain/bin/../lib/gcc/avr/5.4.0/../../../../avr/lib/avr5\libm.a
LOAD c:/program files (x86)/atmel/studio/7.0/toolchain/avr8/avr8-gnu-toolchain/bin/../lib/gcc/avr/5.4.0/../../../../avr/lib/avr5\libc.a
LOAD C:/Program Files (x86)/Atmel/Studio/7.0/Packs/atmel/ATmega_DFP/1.2.272/gcc/dev/atmega328p/avr5\libatmega328p.a
END GROUP
                0x00020000                __TEXT_REGION_LENGTH__ = DEFINED (__TEXT_REGION_LENGTH__)?__TEXT_REGION_LENGTH__:0x20000
                0x0000ffa0                __DATA_REGION_LENGTH__ = DEFINED (__DATA_REGION_LENGTH__)?__DATA_REGION_LENGTH__:0xffa0
                0x00010000                __EEPROM_REGION_LENGTH__ = DEFINED (__EEPROM_REGION_LENGTH__)?__EEPROM_REGION_LENGTH__:0x10000
                [0x00000003]                __FUSE_REGION_LENGTH__ = DEFINED (__FUSE_REGION_LENGTH__)?__FUSE_REGION_LENGTH__:0x400
                0x00000400                __LOCK_REGION_LENGTH__ = DEFINED (__LOCK_REGION_LENGTH__)?__LOCK_REGION_LENGTH__:0x400
                0x00000400                __SIGNATURE_REGION_LENGTH__ = DEFINED (__SIGNATURE_REGION_LENGTH__)?__SIGNATURE_REGION_LENGTH__:0x400
                0x00000400                __USER_SIGNATURE_REGION_LENGTH__ = DEFINED (__USER_SIGNATURE_REGION_LENGTH__)?__USER_SIGNATURE_REGION_LENGTH__:0x400

.hash
 *(.hash)

.dynsym
 *(.dynsym)

.dynstr
 *(.dynstr)

.gnu.version
 *(.gnu.version)

.gnu.version_d
 *(.gnu.version_d)

.gnu.version_r
 *(.gnu.version_r)

.rel.init
 *(.rel.init)

.rela.init
 *(.rela.init)

.rel.text
 *(.rel.text)
 *(.rel.text.*)
 *(.rel.gnu.linkonce.t*)

.rela.text
 *(.rela.text)
 *(.rela.text.*)
 *(.rela.gnu.linkonce.t*)

.rel.fini
 *(.rel.fini)

.rela.fini
 *(.rela.fini)

.rel.rodata
 *(.rel.rodata)
 *(.rel.rodata.*)
 *(.rel.gnu.linkonce.r*)

.rela.rodata
 *(.rela.rodata)
 *(.rela.rodata.*)
 *(.rela.gnu.linkonce.r*)

.rel.data
 *(.rel.data)
 *(.rel.data.*)
 *(.rel.gnu.linkonce.d*)

.rela.data
 *(.rela.data)
 *(.rela.data.*)
 *(.rela.gnu.linkonce.d*)

.rel.ctors
 *(.rel.ctors)

.rela.ctors
 *(.rela.ctors)

.rel.dtors
 *(.rel.dtors)

.rela.dtors
 *(.rela.dtors)

.rel.got
 *(.rel.got)

.rela.got
 *(.rela.got)

.rel.bss
 *(.rel.bss)

.rela.bss
 *(.rela.bss)

.rel.plt
 *(.rel.plt)

.rela.plt
 *(.rela.plt)

.text           0x00000000     0x188c
 *(.vectors)
 .vectors       0x00000000       0x68 C:/Program Files (x86)/Atmel/Studio/7.0/Packs/atmel/ATmega_DFP/1.2.272/gcc/dev/atmega328p/avr5/crtatmega328p.o
                0x00000000                __vector_default
                0x00000000                __vectors
 *(.vectors)
 *(.progmem.gcc*)
 .progmem.gcc_sw_table._ZN7MCP_CAN18mcp2515_configRateEhh
                0x00000068       0x48 C:\Users\gtetil\Documents\Projects\dio-module-code\ArduinoCore\Release\libArduinoCore.a(mcp_can.o)
                0x000000b0                . = ALIGN (0x2)
                0x000000b0                __trampolines_start = .
 *(.trampolines)
 .trampolines   0x000000b0        0x0 linker stubs
 *(.trampolines*)
                0x000000b0                __trampolines_end = .
 *libprintf_flt.a:*(.progmem.data)
 *libc.a:*(.progmem.data)
 *(.progmem*)
 .progmem.data.digital_pin_to_timer_PGM
                0x000000b0       0x14 C:\Users\gtetil\Documents\Projects\dio-module-code\ArduinoCore\Release\libArduinoCore.a(wiring_digital.o)
                0x000000b0                digital_pin_to_timer_PGM
 .progmem.data.digital_pin_to_bit_mask_PGM
                0x000000c4       0x14 C:\Users\gtetil\Documents\Projects\dio-module-code\ArduinoCore\Release\libArduinoCore.a(wiring_digital.o)
                0x000000c4                digital_pin_to_bit_mask_PGM
 .progmem.data.digital_pin_to_port_PGM
                0x000000d8       0x14 C:\Users\gtetil\Documents\Projects\dio-module-code\ArduinoCore\Release\libArduinoCore.a(wiring_digital.o)
                0x000000d8                digital_pin_to_port_PGM
 .progmem.data.port_to_output_PGM
                0x000000ec        0xa C:\Users\gtetil\Documents\Projects\dio-module-code\ArduinoCore\Release\libArduinoCore.a(wiring_digital.o)
                0x000000ec                port_to_output_PGM
 .progmem.data.port_to_mode_PGM
                0x000000f6        0xa C:\Users\gtetil\Documents\Projects\dio-module-code\ArduinoCore\Release\libArduinoCore.a(wiring_digital.o)
                0x000000f6                port_to_mode_PGM
                0x00000100                . = ALIGN (0x2)
 *(.jumptables)
 *(.jumptables*)
 *(.lowtext)
 *(.lowtext*)
                0x00000100                __ctors_start = .
 *(.ctors)
 .ctors         0x00000100        0x2 main.o
 .ctors         0x00000102        0x2 C:\Users\gtetil\Documents\Projects\dio-module-code\ArduinoCore\Release\libArduinoCore.a(HardwareSerial0.o)
                0x00000104                __ctors_end = .
                0x00000104                __dtors_start = .
 *(.dtors)
                0x00000104                __dtors_end = .
 SORT(*)(.ctors)
 SORT(*)(.dtors)
 *(.init0)
 .init0         0x00000104        0x0 C:/Program Files (x86)/Atmel/Studio/7.0/Packs/atmel/ATmega_DFP/1.2.272/gcc/dev/atmega328p/avr5/crtatmega328p.o
                0x00000104                __init
 *(.init0)
 *(.init1)
 *(.init1)
 *(.init2)
 .init2         0x00000104        0xc C:/Program Files (x86)/Atmel/Studio/7.0/Packs/atmel/ATmega_DFP/1.2.272/gcc/dev/atmega328p/avr5/crtatmega328p.o
 *(.init2)
 *(.init3)
 *(.init3)
 *(.init4)
 .init4         0x00000110       0x16 c:/program files (x86)/atmel/studio/7.0/toolchain/avr8/avr8-gnu-toolchain/bin/../lib/gcc/avr/5.4.0/avr5\libgcc.a(_copy_data.o)
                0x00000110                __do_copy_data
 .init4         0x00000126       0x10 c:/program files (x86)/atmel/studio/7.0/toolchain/avr8/avr8-gnu-toolchain/bin/../lib/gcc/avr/5.4.0/avr5\libgcc.a(_clear_bss.o)
                0x00000126                __do_clear_bss
 *(.init4)
 *(.init5)
 *(.init5)
 *(.init6)
 .init6         0x00000136       0x16 c:/program files (x86)/atmel/studio/7.0/toolchain/avr8/avr8-gnu-toolchain/bin/../lib/gcc/avr/5.4.0/avr5\libgcc.a(_ctors.o)
                0x00000136                __do_global_ctors
 *(.init6)
 *(.init7)
 *(.init7)
 *(.init8)
 *(.init8)
 *(.init9)
 .init9         0x0000014c        0x8 C:/Program Files (x86)/Atmel/Studio/7.0/Packs/atmel/ATmega_DFP/1.2.272/gcc/dev/atmega328p/avr5/crtatmega328p.o
 *(.init9)
 *(.text)
 .text          0x00000154        0x4 C:/Program Files (x86)/Atmel/Studio/7.0/Packs/atmel/ATmega_DFP/1.2.272/gcc/dev/atmega328p/avr5/crtatmega328p.o
                0x00000154                __vector_22
                0x00000154                __vector_24
                0x00000154                __vector_12
                0x00000154                __bad_interrupt
                0x00000154                __vector_6
                0x00000154                __vector_3
                0x00000154                __vector_23
                0x00000154                __vector_25
                0x00000154                __vector_11
                0x00000154                __vector_13
                0x00000154                __vector_17
                0x00000154                __vector_7
                0x00000154                __vector_5
                0x00000154                __vector_4
                0x00000154                __vector_9
                0x00000154                __vector_21
                0x00000154                __vector_15
                0x00000154                __vector_8
                0x00000154                __vector_14
                0x00000154                __vector_10
                0x00000154                __vector_20
                0x00000158                . = ALIGN (0x2)
 *(.text.*)
 .text._Z11MCP2515_ISRv
                0x00000158        0x8 main.o
                0x00000158                _Z11MCP2515_ISRv
 .text._ZL19set_digital_outputsh
                0x00000160       0x74 main.o
 .text._Z14read_ADC_as_DIh
                0x000001d4       0x2c main.o
                0x000001d4                _Z14read_ADC_as_DIh
 .text.setup    0x00000200       0xc8 main.o
                0x00000200                setup
 .text.loop     0x000002c8      0x102 main.o
                0x000002c8                loop
 .text.startup._GLOBAL__sub_I_rxId
                0x000003ca        0xa main.o
 .text.initVariant
                0x000003d4        0x2 C:\Users\gtetil\Documents\Projects\dio-module-code\ArduinoCore\Release\libArduinoCore.a(main.o)
                0x000003d4                initVariant
 .text.startup.main
                0x000003d6       0x1e C:\Users\gtetil\Documents\Projects\dio-module-code\ArduinoCore\Release\libArduinoCore.a(main.o)
                0x000003d6                main
 .text.nothing  0x000003f4        0x2 C:\Users\gtetil\Documents\Projects\dio-module-code\ArduinoCore\Release\libArduinoCore.a(WInterrupts.o)
 .text.attachInterrupt
                0x000003f6       0x40 C:\Users\gtetil\Documents\Projects\dio-module-code\ArduinoCore\Release\libArduinoCore.a(WInterrupts.o)
                0x000003f6                attachInterrupt
 .text.__vector_1
                0x00000436       0x4e C:\Users\gtetil\Documents\Projects\dio-module-code\ArduinoCore\Release\libArduinoCore.a(WInterrupts.o)
                0x00000436                __vector_1
 .text.__vector_2
                0x00000484       0x4e C:\Users\gtetil\Documents\Projects\dio-module-code\ArduinoCore\Release\libArduinoCore.a(WInterrupts.o)
                0x00000484                __vector_2
 .text.__vector_16
                0x000004d2       0x94 C:\Users\gtetil\Documents\Projects\dio-module-code\ArduinoCore\Release\libArduinoCore.a(wiring.o)
                0x000004d2                __vector_16
 .text.millis   0x00000566       0x18 C:\Users\gtetil\Documents\Projects\dio-module-code\ArduinoCore\Release\libArduinoCore.a(wiring.o)
                0x00000566                millis
 .text.micros   0x0000057e       0x4a C:\Users\gtetil\Documents\Projects\dio-module-code\ArduinoCore\Release\libArduinoCore.a(wiring.o)
                0x0000057e                micros
 .text.delay    0x000005c8       0x78 C:\Users\gtetil\Documents\Projects\dio-module-code\ArduinoCore\Release\libArduinoCore.a(wiring.o)
                0x000005c8                delay
 .text.delayMicroseconds
                0x00000640       0x16 C:\Users\gtetil\Documents\Projects\dio-module-code\ArduinoCore\Release\libArduinoCore.a(wiring.o)
                0x00000640                delayMicroseconds
 .text.init     0x00000656       0x76 C:\Users\gtetil\Documents\Projects\dio-module-code\ArduinoCore\Release\libArduinoCore.a(wiring.o)
                0x00000656                init
 .text.turnOffPWM
                0x000006cc       0x52 C:\Users\gtetil\Documents\Projects\dio-module-code\ArduinoCore\Release\libArduinoCore.a(wiring_digital.o)
 .text.pinMode  0x0000071e       0x78 C:\Users\gtetil\Documents\Projects\dio-module-code\ArduinoCore\Release\libArduinoCore.a(wiring_digital.o)
                0x0000071e                pinMode
 .text.digitalWrite
                0x00000796       0x5e C:\Users\gtetil\Documents\Projects\dio-module-code\ArduinoCore\Release\libArduinoCore.a(wiring_digital.o)
                0x00000796                digitalWrite
 .text._ZN8SPIClass16beginTransactionE11SPISettings
                0x000007f4       0x34 C:\Users\gtetil\Documents\Projects\dio-module-code\ArduinoCore\Release\libArduinoCore.a(mcp_can.o)
                0x000007f4                _ZN8SPIClass16beginTransactionE11SPISettings
 .text._ZN8SPIClass8transferEh
                0x00000828        0xe C:\Users\gtetil\Documents\Projects\dio-module-code\ArduinoCore\Release\libArduinoCore.a(mcp_can.o)
                0x00000828                _ZN8SPIClass8transferEh
 .text._ZN8SPIClass14endTransactionEv
                0x00000836       0x22 C:\Users\gtetil\Documents\Projects\dio-module-code\ArduinoCore\Release\libArduinoCore.a(mcp_can.o)
                0x00000836                _ZN8SPIClass14endTransactionEv
 .text._Z11txSidhToRTSh
                0x00000858       0x1c C:\Users\gtetil\Documents\Projects\dio-module-code\ArduinoCore\Release\libArduinoCore.a(mcp_can.o)
                0x00000858                _Z11txSidhToRTSh
 .text._Z14txSidhToTxLoadh
                0x00000874       0x1c C:\Users\gtetil\Documents\Projects\dio-module-code\ArduinoCore\Release\libArduinoCore.a(mcp_can.o)
                0x00000874                _Z14txSidhToTxLoadh
 .text._ZN7MCP_CAN13mcp2515_resetEv
                0x00000890       0x38 C:\Users\gtetil\Documents\Projects\dio-module-code\ArduinoCore\Release\libArduinoCore.a(mcp_can.o)
                0x00000890                _ZN7MCP_CAN13mcp2515_resetEv
 .text._ZN7MCP_CAN20mcp2515_readRegisterEh
                0x000008c8       0x44 C:\Users\gtetil\Documents\Projects\dio-module-code\ArduinoCore\Release\libArduinoCore.a(mcp_can.o)
                0x000008c8                _ZN7MCP_CAN20mcp2515_readRegisterEh
 .text._ZN7MCP_CAN19mcp2515_setRegisterEhh
                0x0000090c       0x44 C:\Users\gtetil\Documents\Projects\dio-module-code\ArduinoCore\Release\libArduinoCore.a(mcp_can.o)
                0x0000090c                _ZN7MCP_CAN19mcp2515_setRegisterEhh
 .text._ZN7MCP_CAN22mcp2515_modifyRegisterEhhh
                0x00000950       0x50 C:\Users\gtetil\Documents\Projects\dio-module-code\ArduinoCore\Release\libArduinoCore.a(mcp_can.o)
                0x00000950                _ZN7MCP_CAN22mcp2515_modifyRegisterEhhh
 .text._ZN7MCP_CAN18mcp2515_readStatusEv
                0x000009a0       0x3c C:\Users\gtetil\Documents\Projects\dio-module-code\ArduinoCore\Release\libArduinoCore.a(mcp_can.o)
                0x000009a0                _ZN7MCP_CAN18mcp2515_readStatusEv
 .text._ZN7MCP_CAN14setSleepWakeupEh
                0x000009dc       0x12 C:\Users\gtetil\Documents\Projects\dio-module-code\ArduinoCore\Release\libArduinoCore.a(mcp_can.o)
                0x000009dc                _ZN7MCP_CAN14setSleepWakeupEh
 .text._ZN7MCP_CAN7getModeEv
                0x000009ee        0xa C:\Users\gtetil\Documents\Projects\dio-module-code\ArduinoCore\Release\libArduinoCore.a(mcp_can.o)
                0x000009ee                _ZN7MCP_CAN7getModeEv
 .text._ZN7MCP_CAN22mcp2515_requestNewModeEh
                0x000009f8       0x74 C:\Users\gtetil\Documents\Projects\dio-module-code\ArduinoCore\Release\libArduinoCore.a(mcp_can.o)
                0x000009f8                _ZN7MCP_CAN22mcp2515_requestNewModeEh
 .text._ZN7MCP_CAN23mcp2515_setCANCTRL_ModeEh
                0x00000a6c       0x84 C:\Users\gtetil\Documents\Projects\dio-module-code\ArduinoCore\Release\libArduinoCore.a(mcp_can.o)
                0x00000a6c                _ZN7MCP_CAN23mcp2515_setCANCTRL_ModeEh
 .text._ZN7MCP_CAN5sleepEv
                0x00000af0       0x22 C:\Users\gtetil\Documents\Projects\dio-module-code\ArduinoCore\Release\libArduinoCore.a(mcp_can.o)
                0x00000af0                _ZN7MCP_CAN5sleepEv
 .text._ZN7MCP_CAN4wakeEv
                0x00000b12       0x22 C:\Users\gtetil\Documents\Projects\dio-module-code\ArduinoCore\Release\libArduinoCore.a(mcp_can.o)
                0x00000b12                _ZN7MCP_CAN4wakeEv
 .text._ZN7MCP_CAN7setModeEh
                0x00000b34        0xc C:\Users\gtetil\Documents\Projects\dio-module-code\ArduinoCore\Release\libArduinoCore.a(mcp_can.o)
                0x00000b34                _ZN7MCP_CAN7setModeEh
 .text._ZN7MCP_CAN18mcp2515_configRateEhh
                0x00000b40      0x138 C:\Users\gtetil\Documents\Projects\dio-module-code\ArduinoCore\Release\libArduinoCore.a(mcp_can.o)
                0x00000b40                _ZN7MCP_CAN18mcp2515_configRateEhh
 .text._ZN7MCP_CAN22mcp2515_initCANBuffersEv
                0x00000c78       0x4c C:\Users\gtetil\Documents\Projects\dio-module-code\ArduinoCore\Release\libArduinoCore.a(mcp_can.o)
                0x00000c78                _ZN7MCP_CAN22mcp2515_initCANBuffersEv
 .text._ZN7MCP_CAN12mcp2515_initEhh
                0x00000cc4       0xaa C:\Users\gtetil\Documents\Projects\dio-module-code\ArduinoCore\Release\libArduinoCore.a(mcp_can.o)
                0x00000cc4                _ZN7MCP_CAN12mcp2515_initEhh
 .text._Z17mcp2515_id_to_bufhmPh
                0x00000d6e       0x4e C:\Users\gtetil\Documents\Projects\dio-module-code\ArduinoCore\Release\libArduinoCore.a(mcp_can.o)
                0x00000d6e                _Z17mcp2515_id_to_bufhmPh
 .text._ZN7MCP_CAN19mcp2515_read_canMsgEhPVmPVhS3_S3_S3_
                0x00000dbc      0x188 C:\Users\gtetil\Documents\Projects\dio-module-code\ArduinoCore\Release\libArduinoCore.a(mcp_can.o)
                0x00000dbc                _ZN7MCP_CAN19mcp2515_read_canMsgEhPVmPVhS3_S3_S3_
 .text._ZN7MCP_CAN22mcp2515_start_transmitEh
                0x00000f44       0x36 C:\Users\gtetil\Documents\Projects\dio-module-code\ArduinoCore\Release\libArduinoCore.a(mcp_can.o)
                0x00000f44                _ZN7MCP_CAN22mcp2515_start_transmitEh
 .text._ZN7MCP_CAN20mcp2515_write_canMsgEhmhhhPVKh
                0x00000f7a       0xec C:\Users\gtetil\Documents\Projects\dio-module-code\ArduinoCore\Release\libArduinoCore.a(mcp_can.o)
                0x00000f7a                _ZN7MCP_CAN20mcp2515_write_canMsgEhmhhhPVKh
 .text._ZN7MCP_CAN24mcp2515_getNextFreeTXBufEPh
                0x00001066       0x90 C:\Users\gtetil\Documents\Projects\dio-module-code\ArduinoCore\Release\libArduinoCore.a(mcp_can.o)
                0x00001066                _ZN7MCP_CAN24mcp2515_getNextFreeTXBufEPh
 .text._ZN7MCP_CAN7init_CSEh
                0x000010f6       0x26 C:\Users\gtetil\Documents\Projects\dio-module-code\ArduinoCore\Release\libArduinoCore.a(mcp_can.o)
                0x000010f6                _ZN7MCP_CAN7init_CSEh
 .text._ZN7MCP_CANC2Eh
                0x0000111c       0x10 C:\Users\gtetil\Documents\Projects\dio-module-code\ArduinoCore\Release\libArduinoCore.a(mcp_can.o)
                0x0000111c                _ZN7MCP_CANC2Eh
                0x0000111c                _ZN7MCP_CANC1Eh
 .text._ZN7MCP_CAN5beginEhh
                0x0000112c       0x30 C:\Users\gtetil\Documents\Projects\dio-module-code\ArduinoCore\Release\libArduinoCore.a(mcp_can.o)
                0x0000112c                _ZN7MCP_CAN5beginEhh
 .text._ZN7MCP_CAN7sendMsgEmhhhPKhb
                0x0000115c       0xe8 C:\Users\gtetil\Documents\Projects\dio-module-code\ArduinoCore\Release\libArduinoCore.a(mcp_can.o)
                0x0000115c                _ZN7MCP_CAN7sendMsgEmhhhPKhb
 .text._ZN7MCP_CAN10sendMsgBufEmhhPKhb
                0x00001244       0x26 C:\Users\gtetil\Documents\Projects\dio-module-code\ArduinoCore\Release\libArduinoCore.a(mcp_can.o)
                0x00001244                _ZN7MCP_CAN10sendMsgBufEmhhPKhb
 .text._ZN7MCP_CAN12readMsgBufIDEhPVmPVhS3_S3_S3_
                0x0000126a       0x7e C:\Users\gtetil\Documents\Projects\dio-module-code\ArduinoCore\Release\libArduinoCore.a(mcp_can.o)
                0x0000126a                _ZN7MCP_CAN12readMsgBufIDEhPVmPVhS3_S3_S3_
 .text._ZN7MCP_CAN14readRxTxStatusEv
                0x000012e8       0x32 C:\Users\gtetil\Documents\Projects\dio-module-code\ArduinoCore\Release\libArduinoCore.a(mcp_can.o)
                0x000012e8                _ZN7MCP_CAN14readRxTxStatusEv
 .text._ZN7MCP_CAN10readMsgBufEPhS0_
                0x0000131a       0x42 C:\Users\gtetil\Documents\Projects\dio-module-code\ArduinoCore\Release\libArduinoCore.a(mcp_can.o)
                0x0000131a                _ZN7MCP_CAN10readMsgBufEPhS0_
 .text._ZN7MCP_CAN12checkReceiveEv
                0x0000135c       0x10 C:\Users\gtetil\Documents\Projects\dio-module-code\ArduinoCore\Release\libArduinoCore.a(mcp_can.o)
                0x0000135c                _ZN7MCP_CAN12checkReceiveEv
 .text._ZN7MCP_CAN10mcpPinModeEhh
                0x0000136c      0x10c C:\Users\gtetil\Documents\Projects\dio-module-code\ArduinoCore\Release\libArduinoCore.a(mcp_can.o)
                0x0000136c                _ZN7MCP_CAN10mcpPinModeEhh
 .text._ZN7MCP_CAN15mcpDigitalWriteEhh
                0x00001478       0x3e C:\Users\gtetil\Documents\Projects\dio-module-code\ArduinoCore\Release\libArduinoCore.a(mcp_can.o)
                0x00001478                _ZN7MCP_CAN15mcpDigitalWriteEhh
 .text._ZN8SPIClass5beginEv
                0x000014b6       0x6c C:\Users\gtetil\Documents\Projects\dio-module-code\ArduinoCore\Release\libArduinoCore.a(SPI.o)
                0x000014b6                _ZN8SPIClass5beginEv
 .text.__vector_18
                0x00001522       0x64 C:\Users\gtetil\Documents\Projects\dio-module-code\ArduinoCore\Release\libArduinoCore.a(HardwareSerial0.o)
                0x00001522                __vector_18
 .text.__vector_19
                0x00001586       0x4c C:\Users\gtetil\Documents\Projects\dio-module-code\ArduinoCore\Release\libArduinoCore.a(HardwareSerial0.o)
                0x00001586                __vector_19
 .text._Z17Serial0_availablev
                0x000015d2       0x14 C:\Users\gtetil\Documents\Projects\dio-module-code\ArduinoCore\Release\libArduinoCore.a(HardwareSerial0.o)
                0x000015d2                _Z17Serial0_availablev
 .text.startup._GLOBAL__sub_I___vector_18
                0x000015e6       0x5a C:\Users\gtetil\Documents\Projects\dio-module-code\ArduinoCore\Release\libArduinoCore.a(HardwareSerial0.o)
 .text.__empty  0x00001640        0x2 C:\Users\gtetil\Documents\Projects\dio-module-code\ArduinoCore\Release\libArduinoCore.a(hooks.o)
                0x00001640                yield
 .text._ZN5Print5writeEPKhj
                0x00001642       0x54 C:\Users\gtetil\Documents\Projects\dio-module-code\ArduinoCore\Release\libArduinoCore.a(Print.o)
                0x00001642                _ZN5Print5writeEPKhj
 .text._ZN5Print5writeEPKc
                0x00001696       0x2a C:\Users\gtetil\Documents\Projects\dio-module-code\ArduinoCore\Release\libArduinoCore.a(Print.o)
                0x00001696                _ZN5Print5writeEPKc
 .text._ZN5Print5printEPKc
                0x000016c0        0x4 C:\Users\gtetil\Documents\Projects\dio-module-code\ArduinoCore\Release\libArduinoCore.a(Print.o)
                0x000016c0                _ZN5Print5printEPKc
 .text._ZN14HardwareSerial9availableEv
                0x000016c4       0x18 C:\Users\gtetil\Documents\Projects\dio-module-code\ArduinoCore\Release\libArduinoCore.a(HardwareSerial.o)
                0x000016c4                _ZN14HardwareSerial9availableEv
 .text._ZN14HardwareSerial4peekEv
                0x000016dc       0x1c C:\Users\gtetil\Documents\Projects\dio-module-code\ArduinoCore\Release\libArduinoCore.a(HardwareSerial.o)
                0x000016dc                _ZN14HardwareSerial4peekEv
 .text._ZN14HardwareSerial4readEv
                0x000016f8       0x28 C:\Users\gtetil\Documents\Projects\dio-module-code\ArduinoCore\Release\libArduinoCore.a(HardwareSerial.o)
                0x000016f8                _ZN14HardwareSerial4readEv
 .text._ZN14HardwareSerial17availableForWriteEv
                0x00001720       0x1e C:\Users\gtetil\Documents\Projects\dio-module-code\ArduinoCore\Release\libArduinoCore.a(HardwareSerial.o)
                0x00001720                _ZN14HardwareSerial17availableForWriteEv
 .text._Z14serialEventRunv
                0x0000173e       0x1c C:\Users\gtetil\Documents\Projects\dio-module-code\ArduinoCore\Release\libArduinoCore.a(HardwareSerial.o)
                0x0000173e                _Z14serialEventRunv
 .text._ZN14HardwareSerial17_tx_udr_empty_irqEv
                0x0000175a       0x44 C:\Users\gtetil\Documents\Projects\dio-module-code\ArduinoCore\Release\libArduinoCore.a(HardwareSerial.o)
                0x0000175a                _ZN14HardwareSerial17_tx_udr_empty_irqEv
 .text._ZN14HardwareSerial5writeEh
                0x0000179e       0x9a C:\Users\gtetil\Documents\Projects\dio-module-code\ArduinoCore\Release\libArduinoCore.a(HardwareSerial.o)
                0x0000179e                _ZN14HardwareSerial5writeEh
 .text._ZN14HardwareSerial5flushEv
                0x00001838       0x44 C:\Users\gtetil\Documents\Projects\dio-module-code\ArduinoCore\Release\libArduinoCore.a(HardwareSerial.o)
                0x00001838                _ZN14HardwareSerial5flushEv
 .text.libgcc   0x0000187c        0xc c:/program files (x86)/atmel/studio/7.0/toolchain/avr8/avr8-gnu-toolchain/bin/../lib/gcc/avr/5.4.0/avr5\libgcc.a(_tablejump2.o)
                0x0000187c                __tablejump2__
                0x00001888                . = ALIGN (0x2)
 *(.fini9)
 .fini9         0x00001888        0x0 c:/program files (x86)/atmel/studio/7.0/toolchain/avr8/avr8-gnu-toolchain/bin/../lib/gcc/avr/5.4.0/avr5\libgcc.a(_exit.o)
                0x00001888                _exit
                0x00001888                exit
 *(.fini9)
 *(.fini8)
 *(.fini8)
 *(.fini7)
 *(.fini7)
 *(.fini6)
 *(.fini6)
 *(.fini5)
 *(.fini5)
 *(.fini4)
 *(.fini4)
 *(.fini3)
 *(.fini3)
 *(.fini2)
 *(.fini2)
 *(.fini1)
 *(.fini1)
 *(.fini0)
 .fini0         0x00001888        0x4 c:/program files (x86)/atmel/studio/7.0/toolchain/avr8/avr8-gnu-toolchain/bin/../lib/gcc/avr/5.4.0/avr5\libgcc.a(_exit.o)
 *(.fini0)
                0x0000188c                _etext = .

.data           0x00800100      0x234 load address 0x0000188c
                0x00800100                PROVIDE (__data_start, .)
 *(.data)
 *(.data*)
 .data.intFunc  0x00800100        0x4 C:\Users\gtetil\Documents\Projects\dio-module-code\ArduinoCore\Release\libArduinoCore.a(WInterrupts.o)
 *(.gnu.linkonce.d*)
 *(.rodata)
 *(.rodata*)
 .rodata.str1.1
                0x00800104      0x215 C:\Users\gtetil\Documents\Projects\dio-module-code\ArduinoCore\Release\libArduinoCore.a(mcp_can.o)
 .rodata.CSWTCH.69
                0x00800319        0x3 C:\Users\gtetil\Documents\Projects\dio-module-code\ArduinoCore\Release\libArduinoCore.a(mcp_can.o)
 .rodata.CSWTCH.67
                0x0080031c        0x3 C:\Users\gtetil\Documents\Projects\dio-module-code\ArduinoCore\Release\libArduinoCore.a(mcp_can.o)
 .rodata.CSWTCH.59
                0x0080031f        0x3 C:\Users\gtetil\Documents\Projects\dio-module-code\ArduinoCore\Release\libArduinoCore.a(mcp_can.o)
 .rodata._ZTV14HardwareSerial
                0x00800322       0x12 C:\Users\gtetil\Documents\Projects\dio-module-code\ArduinoCore\Release\libArduinoCore.a(HardwareSerial.o)
                0x00800322                _ZTV14HardwareSerial
 *(.gnu.linkonce.r*)
                0x00800334                . = ALIGN (0x2)
                0x00800334                _edata = .
                0x00800334                PROVIDE (__data_end, .)

.bss            0x00800334       0xcf
                0x00800334                PROVIDE (__bss_start, .)
 *(.bss)
 *(.bss*)
 .bss.CAN_output_address
                0x00800334        0x2 main.o
                0x00800334                CAN_output_address
 .bss.CAN_input_address
                0x00800336        0x2 main.o
                0x00800336                CAN_input_address
 .bss.do_data   0x00800338        0x1 main.o
                0x00800338                do_data
 .bss.sent_msg  0x00800339        0x2 main.o
                0x00800339                sent_msg
 .bss.message   0x0080033b        0x8 main.o
                0x0080033b                message
 .bss.CAN       0x00800343        0xb main.o
                0x00800343                CAN
 .bss.flagRecv  0x0080034e        0x1 main.o
                0x0080034e                flagRecv
 .bss.rxBuf     0x0080034f        0x8 main.o
                0x0080034f                rxBuf
 .bss.len       0x00800357        0x1 main.o
                0x00800357                len
 .bss.timer0_fract
                0x00800358        0x1 C:\Users\gtetil\Documents\Projects\dio-module-code\ArduinoCore\Release\libArduinoCore.a(wiring.o)
 .bss.timer0_millis
                0x00800359        0x4 C:\Users\gtetil\Documents\Projects\dio-module-code\ArduinoCore\Release\libArduinoCore.a(wiring.o)
                0x00800359                timer0_millis
 .bss.timer0_overflow_count
                0x0080035d        0x4 C:\Users\gtetil\Documents\Projects\dio-module-code\ArduinoCore\Release\libArduinoCore.a(wiring.o)
                0x0080035d                timer0_overflow_count
 .bss._ZN8SPIClass13interruptSaveE
                0x00800361        0x1 C:\Users\gtetil\Documents\Projects\dio-module-code\ArduinoCore\Release\libArduinoCore.a(SPI.o)
                0x00800361                _ZN8SPIClass13interruptSaveE
 .bss._ZN8SPIClass13interruptMaskE
                0x00800362        0x1 C:\Users\gtetil\Documents\Projects\dio-module-code\ArduinoCore\Release\libArduinoCore.a(SPI.o)
                0x00800362                _ZN8SPIClass13interruptMaskE
 .bss._ZN8SPIClass13interruptModeE
                0x00800363        0x1 C:\Users\gtetil\Documents\Projects\dio-module-code\ArduinoCore\Release\libArduinoCore.a(SPI.o)
                0x00800363                _ZN8SPIClass13interruptModeE
 .bss._ZN8SPIClass11initializedE
                0x00800364        0x1 C:\Users\gtetil\Documents\Projects\dio-module-code\ArduinoCore\Release\libArduinoCore.a(SPI.o)
                0x00800364                _ZN8SPIClass11initializedE
 .bss.SPI       0x00800365        0x1 C:\Users\gtetil\Documents\Projects\dio-module-code\ArduinoCore\Release\libArduinoCore.a(SPI.o)
                0x00800365                SPI
 .bss.Serial    0x00800366       0x9d C:\Users\gtetil\Documents\Projects\dio-module-code\ArduinoCore\Release\libArduinoCore.a(HardwareSerial0.o)
                0x00800366                Serial
 *(COMMON)
                0x00800403                PROVIDE (__bss_end, .)
                0x0000188c                __data_load_start = LOADADDR (.data)
                0x00001ac0                __data_load_end = (__data_load_start + SIZEOF (.data))

.noinit         0x00800403        0x0
                [!provide]                PROVIDE (__noinit_start, .)
 *(.noinit*)
                [!provide]                PROVIDE (__noinit_end, .)
                0x00800403                _end = .
                [!provide]                PROVIDE (__heap_start, .)

.eeprom         0x00810000        0x0
 *(.eeprom*)
                0x00810000                __eeprom_end = .

.fuse
 *(.fuse)
 *(.lfuse)
 *(.hfuse)
 *(.efuse)

.lock
 *(.lock*)

.signature
 *(.signature*)

.user_signatures
 *(.user_signatures*)

.stab
 *(.stab)

.stabstr
 *(.stabstr)

.stab.excl
 *(.stab.excl)

.stab.exclstr
 *(.stab.exclstr)

.stab.index
 *(.stab.index)

.stab.indexstr
 *(.stab.indexstr)

.comment        0x00000000       0x30
 *(.comment)
 .comment       0x00000000       0x30 main.o
                                 0x31 (size before relaxing)
 .comment       0x00000030       0x31 C:\Users\gtetil\Documents\Projects\dio-module-code\ArduinoCore\Release\libArduinoCore.a(main.o)
 .comment       0x00000030       0x31 C:\Users\gtetil\Documents\Projects\dio-module-code\ArduinoCore\Release\libArduinoCore.a(WInterrupts.o)
 .comment       0x00000030       0x31 C:\Users\gtetil\Documents\Projects\dio-module-code\ArduinoCore\Release\libArduinoCore.a(wiring.o)
 .comment       0x00000030       0x31 C:\Users\gtetil\Documents\Projects\dio-module-code\ArduinoCore\Release\libArduinoCore.a(wiring_digital.o)
 .comment       0x00000030       0x31 C:\Users\gtetil\Documents\Projects\dio-module-code\ArduinoCore\Release\libArduinoCore.a(mcp_can.o)
 .comment       0x00000030       0x31 C:\Users\gtetil\Documents\Projects\dio-module-code\ArduinoCore\Release\libArduinoCore.a(SPI.o)
 .comment       0x00000030       0x31 C:\Users\gtetil\Documents\Projects\dio-module-code\ArduinoCore\Release\libArduinoCore.a(HardwareSerial0.o)
 .comment       0x00000030       0x31 C:\Users\gtetil\Documents\Projects\dio-module-code\ArduinoCore\Release\libArduinoCore.a(hooks.o)
 .comment       0x00000030       0x31 C:\Users\gtetil\Documents\Projects\dio-module-code\ArduinoCore\Release\libArduinoCore.a(Print.o)
 .comment       0x00000030       0x31 C:\Users\gtetil\Documents\Projects\dio-module-code\ArduinoCore\Release\libArduinoCore.a(HardwareSerial.o)

.note.gnu.avr.deviceinfo
                0x00000000       0x40
 .note.gnu.avr.deviceinfo
                0x00000000       0x40 C:/Program Files (x86)/Atmel/Studio/7.0/Packs/atmel/ATmega_DFP/1.2.272/gcc/dev/atmega328p/avr5/crtatmega328p.o

.note.gnu.build-id
 *(.note.gnu.build-id)

.debug
 *(.debug)

.line
 *(.line)

.debug_srcinfo
 *(.debug_srcinfo)

.debug_sfnames
 *(.debug_sfnames)

.debug_aranges  0x00000000      0x540
 *(.debug_aranges)
 .debug_aranges
                0x00000000       0x48 main.o
 .debug_aranges
                0x00000048       0x30 C:\Users\gtetil\Documents\Projects\dio-module-code\ArduinoCore\Release\libArduinoCore.a(main.o)
 .debug_aranges
                0x00000078       0x40 C:\Users\gtetil\Documents\Projects\dio-module-code\ArduinoCore\Release\libArduinoCore.a(WInterrupts.o)
 .debug_aranges
                0x000000b8       0x48 C:\Users\gtetil\Documents\Projects\dio-module-code\ArduinoCore\Release\libArduinoCore.a(wiring.o)
 .debug_aranges
                0x00000100       0x38 C:\Users\gtetil\Documents\Projects\dio-module-code\ArduinoCore\Release\libArduinoCore.a(wiring_digital.o)
 .debug_aranges
                0x00000138      0x200 C:\Users\gtetil\Documents\Projects\dio-module-code\ArduinoCore\Release\libArduinoCore.a(mcp_can.o)
 .debug_aranges
                0x00000338       0x38 C:\Users\gtetil\Documents\Projects\dio-module-code\ArduinoCore\Release\libArduinoCore.a(SPI.o)
 .debug_aranges
                0x00000370       0x48 C:\Users\gtetil\Documents\Projects\dio-module-code\ArduinoCore\Release\libArduinoCore.a(HardwareSerial0.o)
 .debug_aranges
                0x000003b8       0x20 C:\Users\gtetil\Documents\Projects\dio-module-code\ArduinoCore\Release\libArduinoCore.a(hooks.o)
 .debug_aranges
                0x000003d8      0x100 C:\Users\gtetil\Documents\Projects\dio-module-code\ArduinoCore\Release\libArduinoCore.a(Print.o)
 .debug_aranges
                0x000004d8       0x68 C:\Users\gtetil\Documents\Projects\dio-module-code\ArduinoCore\Release\libArduinoCore.a(HardwareSerial.o)

.debug_pubnames
 *(.debug_pubnames)

.debug_info     0x00000000     0xc77a
 *(.debug_info .gnu.linkonce.wi.*)
 .debug_info    0x00000000      0x5f4 C:/Program Files (x86)/Atmel/Studio/7.0/Packs/atmel/ATmega_DFP/1.2.272/gcc/dev/atmega328p/avr5/crtatmega328p.o
 .debug_info    0x000005f4     0x14d6 main.o
 .debug_info    0x00001aca      0x237 C:\Users\gtetil\Documents\Projects\dio-module-code\ArduinoCore\Release\libArduinoCore.a(main.o)
 .debug_info    0x00001d01      0x21c C:\Users\gtetil\Documents\Projects\dio-module-code\ArduinoCore\Release\libArduinoCore.a(WInterrupts.o)
 .debug_info    0x00001f1d      0x2cb C:\Users\gtetil\Documents\Projects\dio-module-code\ArduinoCore\Release\libArduinoCore.a(wiring.o)
 .debug_info    0x000021e8      0x5fe C:\Users\gtetil\Documents\Projects\dio-module-code\ArduinoCore\Release\libArduinoCore.a(wiring_digital.o)
 .debug_info    0x000027e6     0x3572 C:\Users\gtetil\Documents\Projects\dio-module-code\ArduinoCore\Release\libArduinoCore.a(mcp_can.o)
 .debug_info    0x00005d58      0x66b C:\Users\gtetil\Documents\Projects\dio-module-code\ArduinoCore\Release\libArduinoCore.a(SPI.o)
 .debug_info    0x000063c3     0x1b16 C:\Users\gtetil\Documents\Projects\dio-module-code\ArduinoCore\Release\libArduinoCore.a(HardwareSerial0.o)
 .debug_info    0x00007ed9       0x3e C:\Users\gtetil\Documents\Projects\dio-module-code\ArduinoCore\Release\libArduinoCore.a(hooks.o)
 .debug_info    0x00007f17     0x28ff C:\Users\gtetil\Documents\Projects\dio-module-code\ArduinoCore\Release\libArduinoCore.a(Print.o)
 .debug_info    0x0000a816     0x1f64 C:\Users\gtetil\Documents\Projects\dio-module-code\ArduinoCore\Release\libArduinoCore.a(HardwareSerial.o)

.debug_abbrev   0x00000000     0x2372
 *(.debug_abbrev)
 .debug_abbrev  0x00000000      0x5a2 C:/Program Files (x86)/Atmel/Studio/7.0/Packs/atmel/ATmega_DFP/1.2.272/gcc/dev/atmega328p/avr5/crtatmega328p.o
 .debug_abbrev  0x000005a2      0x42c main.o
 .debug_abbrev  0x000009ce      0x12d C:\Users\gtetil\Documents\Projects\dio-module-code\ArduinoCore\Release\libArduinoCore.a(main.o)
 .debug_abbrev  0x00000afb       0xfc C:\Users\gtetil\Documents\Projects\dio-module-code\ArduinoCore\Release\libArduinoCore.a(WInterrupts.o)
 .debug_abbrev  0x00000bf7      0x146 C:\Users\gtetil\Documents\Projects\dio-module-code\ArduinoCore\Release\libArduinoCore.a(wiring.o)
 .debug_abbrev  0x00000d3d      0x15b C:\Users\gtetil\Documents\Projects\dio-module-code\ArduinoCore\Release\libArduinoCore.a(wiring_digital.o)
 .debug_abbrev  0x00000e98      0x52e C:\Users\gtetil\Documents\Projects\dio-module-code\ArduinoCore\Release\libArduinoCore.a(mcp_can.o)
 .debug_abbrev  0x000013c6      0x283 C:\Users\gtetil\Documents\Projects\dio-module-code\ArduinoCore\Release\libArduinoCore.a(SPI.o)
 .debug_abbrev  0x00001649      0x3ce C:\Users\gtetil\Documents\Projects\dio-module-code\ArduinoCore\Release\libArduinoCore.a(HardwareSerial0.o)
 .debug_abbrev  0x00001a17       0x2a C:\Users\gtetil\Documents\Projects\dio-module-code\ArduinoCore\Release\libArduinoCore.a(hooks.o)
 .debug_abbrev  0x00001a41      0x47a C:\Users\gtetil\Documents\Projects\dio-module-code\ArduinoCore\Release\libArduinoCore.a(Print.o)
 .debug_abbrev  0x00001ebb      0x4b7 C:\Users\gtetil\Documents\Projects\dio-module-code\ArduinoCore\Release\libArduinoCore.a(HardwareSerial.o)

.debug_line     0x00000000     0x3347
 *(.debug_line .debug_line.* .debug_line_end)
 .debug_line    0x00000000      0x133 C:/Program Files (x86)/Atmel/Studio/7.0/Packs/atmel/ATmega_DFP/1.2.272/gcc/dev/atmega328p/avr5/crtatmega328p.o
 .debug_line    0x00000133      0x4d6 main.o
 .debug_line    0x00000609      0x165 C:\Users\gtetil\Documents\Projects\dio-module-code\ArduinoCore\Release\libArduinoCore.a(main.o)
 .debug_line    0x0000076e      0x1a0 C:\Users\gtetil\Documents\Projects\dio-module-code\ArduinoCore\Release\libArduinoCore.a(WInterrupts.o)
 .debug_line    0x0000090e      0x299 C:\Users\gtetil\Documents\Projects\dio-module-code\ArduinoCore\Release\libArduinoCore.a(wiring.o)
 .debug_line    0x00000ba7      0x252 C:\Users\gtetil\Documents\Projects\dio-module-code\ArduinoCore\Release\libArduinoCore.a(wiring_digital.o)
 .debug_line    0x00000df9     0x1455 C:\Users\gtetil\Documents\Projects\dio-module-code\ArduinoCore\Release\libArduinoCore.a(mcp_can.o)
 .debug_line    0x0000224e      0x2e3 C:\Users\gtetil\Documents\Projects\dio-module-code\ArduinoCore\Release\libArduinoCore.a(SPI.o)
 .debug_line    0x00002531      0x28c C:\Users\gtetil\Documents\Projects\dio-module-code\ArduinoCore\Release\libArduinoCore.a(HardwareSerial0.o)
 .debug_line    0x000027bd       0x41 C:\Users\gtetil\Documents\Projects\dio-module-code\ArduinoCore\Release\libArduinoCore.a(hooks.o)
 .debug_line    0x000027fe      0x685 C:\Users\gtetil\Documents\Projects\dio-module-code\ArduinoCore\Release\libArduinoCore.a(Print.o)
 .debug_line    0x00002e83      0x4c4 C:\Users\gtetil\Documents\Projects\dio-module-code\ArduinoCore\Release\libArduinoCore.a(HardwareSerial.o)

.debug_frame    0x00000000     0x1224
 *(.debug_frame)
 .debug_frame   0x00000000       0x84 main.o
 .debug_frame   0x00000084       0x54 C:\Users\gtetil\Documents\Projects\dio-module-code\ArduinoCore\Release\libArduinoCore.a(main.o)
 .debug_frame   0x000000d8       0xf4 C:\Users\gtetil\Documents\Projects\dio-module-code\ArduinoCore\Release\libArduinoCore.a(WInterrupts.o)
 .debug_frame   0x000001cc       0xc4 C:\Users\gtetil\Documents\Projects\dio-module-code\ArduinoCore\Release\libArduinoCore.a(wiring.o)
 .debug_frame   0x00000290       0x7c C:\Users\gtetil\Documents\Projects\dio-module-code\ArduinoCore\Release\libArduinoCore.a(wiring_digital.o)
 .debug_frame   0x0000030c      0x8fc C:\Users\gtetil\Documents\Projects\dio-module-code\ArduinoCore\Release\libArduinoCore.a(mcp_can.o)
 .debug_frame   0x00000c08       0x5c C:\Users\gtetil\Documents\Projects\dio-module-code\ArduinoCore\Release\libArduinoCore.a(SPI.o)
 .debug_frame   0x00000c64       0xe0 C:\Users\gtetil\Documents\Projects\dio-module-code\ArduinoCore\Release\libArduinoCore.a(HardwareSerial0.o)
 .debug_frame   0x00000d44       0x24 C:\Users\gtetil\Documents\Projects\dio-module-code\ArduinoCore\Release\libArduinoCore.a(hooks.o)
 .debug_frame   0x00000d68      0x3ac C:\Users\gtetil\Documents\Projects\dio-module-code\ArduinoCore\Release\libArduinoCore.a(Print.o)
 .debug_frame   0x00001114      0x110 C:\Users\gtetil\Documents\Projects\dio-module-code\ArduinoCore\Release\libArduinoCore.a(HardwareSerial.o)

.debug_str      0x00000000     0x31a3
 *(.debug_str)
 .debug_str     0x00000000      0x208 C:/Program Files (x86)/Atmel/Studio/7.0/Packs/atmel/ATmega_DFP/1.2.272/gcc/dev/atmega328p/avr5/crtatmega328p.o
 .debug_str     0x00000208     0x117e main.o
                               0x11dd (size before relaxing)
 .debug_str     0x00001386       0xa1 C:\Users\gtetil\Documents\Projects\dio-module-code\ArduinoCore\Release\libArduinoCore.a(main.o)
                                0x2a6 (size before relaxing)
 .debug_str     0x00001427      0x136 C:\Users\gtetil\Documents\Projects\dio-module-code\ArduinoCore\Release\libArduinoCore.a(WInterrupts.o)
                                0x229 (size before relaxing)
 .debug_str     0x0000155d       0x85 C:\Users\gtetil\Documents\Projects\dio-module-code\ArduinoCore\Release\libArduinoCore.a(wiring.o)
                                0x23c (size before relaxing)
 .debug_str     0x000015e2       0xdc C:\Users\gtetil\Documents\Projects\dio-module-code\ArduinoCore\Release\libArduinoCore.a(wiring_digital.o)
                                0x2a1 (size before relaxing)
 .debug_str     0x000016be      0x2fa C:\Users\gtetil\Documents\Projects\dio-module-code\ArduinoCore\Release\libArduinoCore.a(mcp_can.o)
                               0x1324 (size before relaxing)
 .debug_str     0x000019b8       0x9f C:\Users\gtetil\Documents\Projects\dio-module-code\ArduinoCore\Release\libArduinoCore.a(SPI.o)
                                0x69f (size before relaxing)
 .debug_str     0x00001a57     0x109e C:\Users\gtetil\Documents\Projects\dio-module-code\ArduinoCore\Release\libArduinoCore.a(HardwareSerial0.o)
                               0x13fa (size before relaxing)
 .debug_str     0x00002af5       0x1c C:\Users\gtetil\Documents\Projects\dio-module-code\ArduinoCore\Release\libArduinoCore.a(hooks.o)
                                0x131 (size before relaxing)
 .debug_str     0x00002b11      0x3c5 C:\Users\gtetil\Documents\Projects\dio-module-code\ArduinoCore\Release\libArduinoCore.a(Print.o)
                               0x1234 (size before relaxing)
 .debug_str     0x00002ed6      0x2cd C:\Users\gtetil\Documents\Projects\dio-module-code\ArduinoCore\Release\libArduinoCore.a(HardwareSerial.o)
                               0x1607 (size before relaxing)

.debug_loc      0x00000000     0x711f
 *(.debug_loc)
 .debug_loc     0x00000000      0x312 main.o
 .debug_loc     0x00000312      0x235 C:\Users\gtetil\Documents\Projects\dio-module-code\ArduinoCore\Release\libArduinoCore.a(WInterrupts.o)
 .debug_loc     0x00000547      0x28d C:\Users\gtetil\Documents\Projects\dio-module-code\ArduinoCore\Release\libArduinoCore.a(wiring.o)
 .debug_loc     0x000007d4      0x5fc C:\Users\gtetil\Documents\Projects\dio-module-code\ArduinoCore\Release\libArduinoCore.a(wiring_digital.o)
 .debug_loc     0x00000dd0     0x3e58 C:\Users\gtetil\Documents\Projects\dio-module-code\ArduinoCore\Release\libArduinoCore.a(mcp_can.o)
 .debug_loc     0x00004c28      0x1e4 C:\Users\gtetil\Documents\Projects\dio-module-code\ArduinoCore\Release\libArduinoCore.a(SPI.o)
 .debug_loc     0x00004e0c      0x1b0 C:\Users\gtetil\Documents\Projects\dio-module-code\ArduinoCore\Release\libArduinoCore.a(HardwareSerial0.o)
 .debug_loc     0x00004fbc     0x1c87 C:\Users\gtetil\Documents\Projects\dio-module-code\ArduinoCore\Release\libArduinoCore.a(Print.o)
 .debug_loc     0x00006c43      0x4dc C:\Users\gtetil\Documents\Projects\dio-module-code\ArduinoCore\Release\libArduinoCore.a(HardwareSerial.o)

.debug_macinfo
 *(.debug_macinfo)

.debug_weaknames
 *(.debug_weaknames)

.debug_funcnames
 *(.debug_funcnames)

.debug_typenames
 *(.debug_typenames)

.debug_varnames
 *(.debug_varnames)

.debug_pubtypes
 *(.debug_pubtypes)

.debug_ranges   0x00000000      0x4d8
 *(.debug_ranges)
 .debug_ranges  0x00000000       0x38 main.o
 .debug_ranges  0x00000038       0x20 C:\Users\gtetil\Documents\Projects\dio-module-code\ArduinoCore\Release\libArduinoCore.a(main.o)
 .debug_ranges  0x00000058       0x30 C:\Users\gtetil\Documents\Projects\dio-module-code\ArduinoCore\Release\libArduinoCore.a(WInterrupts.o)
 .debug_ranges  0x00000088       0x38 C:\Users\gtetil\Documents\Projects\dio-module-code\ArduinoCore\Release\libArduinoCore.a(wiring.o)
 .debug_ranges  0x000000c0       0x28 C:\Users\gtetil\Documents\Projects\dio-module-code\ArduinoCore\Release\libArduinoCore.a(wiring_digital.o)
 .debug_ranges  0x000000e8      0x208 C:\Users\gtetil\Documents\Projects\dio-module-code\ArduinoCore\Release\libArduinoCore.a(mcp_can.o)
 .debug_ranges  0x000002f0       0x28 C:\Users\gtetil\Documents\Projects\dio-module-code\ArduinoCore\Release\libArduinoCore.a(SPI.o)
 .debug_ranges  0x00000318       0x38 C:\Users\gtetil\Documents\Projects\dio-module-code\ArduinoCore\Release\libArduinoCore.a(HardwareSerial0.o)
 .debug_ranges  0x00000350       0x10 C:\Users\gtetil\Documents\Projects\dio-module-code\ArduinoCore\Release\libArduinoCore.a(hooks.o)
 .debug_ranges  0x00000360      0x120 C:\Users\gtetil\Documents\Projects\dio-module-code\ArduinoCore\Release\libArduinoCore.a(Print.o)
 .debug_ranges  0x00000480       0x58 C:\Users\gtetil\Documents\Projects\dio-module-code\ArduinoCore\Release\libArduinoCore.a(HardwareSerial.o)

.debug_macro
 *(.debug_macro)
OUTPUT(dio-module-code.elf elf32-avr)
LOAD linker stubs
