Archive member included to satisfy reference by file (symbol)

C:\Users\gtetil\Documents\Projects\dio-module-code\ArduinoCore\Debug\libArduinoCore.a(main.o)
                              C:/Program Files (x86)/Atmel/Studio/7.0/Packs/atmel/ATmega_DFP/1.2.272/gcc/dev/atmega328p/avr5/crtatmega328p.o (main)
C:\Users\gtetil\Documents\Projects\dio-module-code\ArduinoCore\Debug\libArduinoCore.a(WInterrupts.o)
                              main.o (attachInterrupt)
C:\Users\gtetil\Documents\Projects\dio-module-code\ArduinoCore\Debug\libArduinoCore.a(wiring.o)
                              main.o (millis)
C:\Users\gtetil\Documents\Projects\dio-module-code\ArduinoCore\Debug\libArduinoCore.a(wiring_digital.o)
                              main.o (pinMode)
C:\Users\gtetil\Documents\Projects\dio-module-code\ArduinoCore\Debug\libArduinoCore.a(mcp_can.o)
                              main.o (_ZN7MCP_CAN14setSleepWakeupEh)
C:\Users\gtetil\Documents\Projects\dio-module-code\ArduinoCore\Debug\libArduinoCore.a(SPI.o)
                              C:\Users\gtetil\Documents\Projects\dio-module-code\ArduinoCore\Debug\libArduinoCore.a(mcp_can.o) (_ZN8SPIClass5beginEv)
C:\Users\gtetil\Documents\Projects\dio-module-code\ArduinoCore\Debug\libArduinoCore.a(HardwareSerial0.o)
                              C:\Users\gtetil\Documents\Projects\dio-module-code\ArduinoCore\Debug\libArduinoCore.a(mcp_can.o) (Serial)
C:\Users\gtetil\Documents\Projects\dio-module-code\ArduinoCore\Debug\libArduinoCore.a(hooks.o)
                              C:\Users\gtetil\Documents\Projects\dio-module-code\ArduinoCore\Debug\libArduinoCore.a(wiring.o) (yield)
C:\Users\gtetil\Documents\Projects\dio-module-code\ArduinoCore\Debug\libArduinoCore.a(Print.o)
                              C:\Users\gtetil\Documents\Projects\dio-module-code\ArduinoCore\Debug\libArduinoCore.a(mcp_can.o) (_ZN5Print5printEPKc)
C:\Users\gtetil\Documents\Projects\dio-module-code\ArduinoCore\Debug\libArduinoCore.a(abi.o)
                              C:\Users\gtetil\Documents\Projects\dio-module-code\ArduinoCore\Debug\libArduinoCore.a(Print.o) (__cxa_pure_virtual)
C:\Users\gtetil\Documents\Projects\dio-module-code\ArduinoCore\Debug\libArduinoCore.a(HardwareSerial.o)
                              C:\Users\gtetil\Documents\Projects\dio-module-code\ArduinoCore\Debug\libArduinoCore.a(HardwareSerial0.o) (_ZN14HardwareSerial9availableEv)
c:/program files (x86)/atmel/studio/7.0/toolchain/avr8/avr8-gnu-toolchain/bin/../lib/gcc/avr/5.4.0/../../../../avr/lib/avr5\libm.a(addsf3.o)
                              C:\Users\gtetil\Documents\Projects\dio-module-code\ArduinoCore\Debug\libArduinoCore.a(Print.o) (__subsf3)
c:/program files (x86)/atmel/studio/7.0/toolchain/avr8/avr8-gnu-toolchain/bin/../lib/gcc/avr/5.4.0/../../../../avr/lib/avr5\libm.a(addsf3x.o)
                              c:/program files (x86)/atmel/studio/7.0/toolchain/avr8/avr8-gnu-toolchain/bin/../lib/gcc/avr/5.4.0/../../../../avr/lib/avr5\libm.a(addsf3.o) (__addsf3x)
c:/program files (x86)/atmel/studio/7.0/toolchain/avr8/avr8-gnu-toolchain/bin/../lib/gcc/avr/5.4.0/../../../../avr/lib/avr5\libm.a(cmpsf2.o)
                              C:\Users\gtetil\Documents\Projects\dio-module-code\ArduinoCore\Debug\libArduinoCore.a(Print.o) (__ltsf2)
c:/program files (x86)/atmel/studio/7.0/toolchain/avr8/avr8-gnu-toolchain/bin/../lib/gcc/avr/5.4.0/../../../../avr/lib/avr5\libm.a(divsf3.o)
                              C:\Users\gtetil\Documents\Projects\dio-module-code\ArduinoCore\Debug\libArduinoCore.a(Print.o) (__divsf3)
c:/program files (x86)/atmel/studio/7.0/toolchain/avr8/avr8-gnu-toolchain/bin/../lib/gcc/avr/5.4.0/../../../../avr/lib/avr5\libm.a(divsf3x.o)
                              c:/program files (x86)/atmel/studio/7.0/toolchain/avr8/avr8-gnu-toolchain/bin/../lib/gcc/avr/5.4.0/../../../../avr/lib/avr5\libm.a(divsf3.o) (__divsf3x)
c:/program files (x86)/atmel/studio/7.0/toolchain/avr8/avr8-gnu-toolchain/bin/../lib/gcc/avr/5.4.0/../../../../avr/lib/avr5\libm.a(fixunssfsi.o)
                              C:\Users\gtetil\Documents\Projects\dio-module-code\ArduinoCore\Debug\libArduinoCore.a(Print.o) (__fixunssfsi)
c:/program files (x86)/atmel/studio/7.0/toolchain/avr8/avr8-gnu-toolchain/bin/../lib/gcc/avr/5.4.0/../../../../avr/lib/avr5\libm.a(floatsisf.o)
                              C:\Users\gtetil\Documents\Projects\dio-module-code\ArduinoCore\Debug\libArduinoCore.a(Print.o) (__floatunsisf)
c:/program files (x86)/atmel/studio/7.0/toolchain/avr8/avr8-gnu-toolchain/bin/../lib/gcc/avr/5.4.0/../../../../avr/lib/avr5\libm.a(fp_cmp.o)
                              c:/program files (x86)/atmel/studio/7.0/toolchain/avr8/avr8-gnu-toolchain/bin/../lib/gcc/avr/5.4.0/../../../../avr/lib/avr5\libm.a(cmpsf2.o) (__fp_cmp)
c:/program files (x86)/atmel/studio/7.0/toolchain/avr8/avr8-gnu-toolchain/bin/../lib/gcc/avr/5.4.0/../../../../avr/lib/avr5\libm.a(fp_inf.o)
[...]
Memory Configuration

Name             Origin             Length             Attributes
text             0x00000000         0x00020000         xr
data             0x00800060         0x0000ffa0         rw !x
eeprom           0x00810000         0x00010000         rw !x
fuse             0x00820000         0x00000003         rw !x
lock             0x00830000         0x00000400         rw !x
signature        0x00840000         0x00000400         rw !x
user_signatures  0x00850000         0x00000400         rw !x
*default*        0x00000000         0xffffffff

Linker script and memory map

Address of section .data set to 0x800100
LOAD C:/Program Files (x86)/Atmel/Studio/7.0/Packs/atmel/ATmega_DFP/1.2.272/gcc/dev/atmega328p/avr5/crtatmega328p.o
LOAD main.o
START GROUP
LOAD c:/program files (x86)/atmel/studio/7.0/toolchain/avr8/avr8-gnu-toolchain/bin/../lib/gcc/avr/5.4.0/../../../../avr/lib/avr5\libm.a
LOAD C:\Users\gtetil\Documents\Projects\dio-module-code\ArduinoCore\Debug\libArduinoCore.a
END GROUP
LOAD c:/program files (x86)/atmel/studio/7.0/toolchain/avr8/avr8-gnu-toolchain/bin/../lib/gcc/avr/5.4.0/avr5\libgcc.a
LOAD c:/program files (x86)/atmel/studio/7.0/toolchain/avr8/avr8-gnu-toolchain/bin/../lib/gcc/avr/5.4.0/../../../../avr/lib/avr5\libm.a
START GROUP
LOAD c:/program files (x86)/atmel/studio/7.0/toolchain/avr8/avr8-gnu-toolchain/bin/../lib/gcc/avr/5.4.0/avr5\libgcc.a
LOAD c:/program files (x86)/atmel/studio/7.0/toolchain/avr8/avr8-gnu-toolchain/bin/../lib/gcc/avr/5.4.0/../../../../avr/lib/avr5\libm.a
LOAD c:/program files (x86)/atmel/studio/7.0/toolchain/avr8/avr8-gnu-toolchain/bin/../lib/gcc/avr/5.4.0/../../../../avr/lib/avr5\libc.a
LOAD C:/Program Files (x86)/Atmel/Studio/7.0/Packs/atmel/ATmega_DFP/1.2.272/gcc/dev/atmega328p/avr5\libatmega328p.a
END GROUP
                0x00020000                __TEXT_REGION_LENGTH__ = DEFINED (__TEXT_REGION_LENGTH__)?__TEXT_REGION_LENGTH__:0x20000
                0x0000ffa0                __DATA_REGION_LENGTH__ = DEFINED (__DATA_REGION_LENGTH__)?__DATA_REGION_LENGTH__:0xffa0
                0x00010000                __EEPROM_REGION_LENGTH__ = DEFINED (__EEPROM_REGION_LENGTH__)?__EEPROM_REGION_LENGTH__:0x10000
                [0x00000003]                __FUSE_REGION_LENGTH__ = DEFINED (__FUSE_REGION_LENGTH__)?__FUSE_REGION_LENGTH__:0x400
                0x00000400                __LOCK_REGION_LENGTH__ = DEFINED (__LOCK_REGION_LENGTH__)?__LOCK_REGION_LENGTH__:0x400
                0x00000400                __SIGNATURE_REGION_LENGTH__ = DEFINED (__SIGNATURE_REGION_LENGTH__)?__SIGNATURE_REGION_LENGTH__:0x400
                0x00000400                __USER_SIGNATURE_REGION_LENGTH__ = DEFINED (__USER_SIGNATURE_REGION_LENGTH__)?__USER_SIGNATURE_REGION_LENGTH__:0x400

.hash
 *(.hash)

.dynsym
 *(.dynsym)

.dynstr
 *(.dynstr)

.gnu.version
 *(.gnu.version)

.gnu.version_d
 *(.gnu.version_d)

.gnu.version_r
 *(.gnu.version_r)

.rel.init
 *(.rel.init)

.rela.init
 *(.rela.init)

.rel.text
 *(.rel.text)
 *(.rel.text.*)
 *(.rel.gnu.linkonce.t*)

.rela.text
 *(.rela.text)
 *(.rela.text.*)
 *(.rela.gnu.linkonce.t*)

.rel.fini
 *(.rel.fini)

.rela.fini
 *(.rela.fini)

.rel.rodata
 *(.rel.rodata)
 *(.rel.rodata.*)
 *(.rel.gnu.linkonce.r*)

.rela.rodata
 *(.rela.rodata)
 *(.rela.rodata.*)
 *(.rela.gnu.linkonce.r*)

.rel.data
 *(.rel.data)
 *(.rel.data.*)
 *(.rel.gnu.linkonce.d*)

.rela.data
 *(.rela.data)
 *(.rela.data.*)
 *(.rela.gnu.linkonce.d*)

.rel.ctors
 *(.rel.ctors)

.rela.ctors
 *(.rela.ctors)

.rel.dtors
 *(.rel.dtors)

.rela.dtors
 *(.rela.dtors)

.rel.got
 *(.rel.got)

.rela.got
 *(.rela.got)

.rel.bss
 *(.rel.bss)

.rela.bss
 *(.rela.bss)

.rel.plt
 *(.rel.plt)

.rela.plt
 *(.rela.plt)

.text           0x00000000     0x1900
 *(.vectors)
 .vectors       0x00000000       0x68 C:/Program Files (x86)/Atmel/Studio/7.0/Packs/atmel/ATmega_DFP/1.2.272/gcc/dev/atmega328p/avr5/crtatmega328p.o
                0x00000000                __vector_default
                0x00000000                __vectors
 *(.vectors)
 *(.progmem.gcc*)
 .progmem.gcc_sw_table._ZN7MCP_CAN18mcp2515_configRateEhh
                0x00000068       0x48 C:\Users\gtetil\Documents\Projects\dio-module-code\ArduinoCore\Debug\libArduinoCore.a(mcp_can.o)
                0x000000b0                . = ALIGN (0x2)
                0x000000b0                __trampolines_start = .
 *(.trampolines)
 .trampolines   0x000000b0        0x0 linker stubs
 *(.trampolines*)
                0x000000b0                __trampolines_end = .
 *libprintf_flt.a:*(.progmem.data)
 *libc.a:*(.progmem.data)
 *(.progmem*)
 .progmem.data.digital_pin_to_timer_PGM
                0x000000b0       0x14 C:\Users\gtetil\Documents\Projects\dio-module-code\ArduinoCore\Debug\libArduinoCore.a(wiring_digital.o)
                0x000000b0                digital_pin_to_timer_PGM
 .progmem.data.digital_pin_to_bit_mask_PGM
                0x000000c4       0x14 C:\Users\gtetil\Documents\Projects\dio-module-code\ArduinoCore\Debug\libArduinoCore.a(wiring_digital.o)
                0x000000c4                digital_pin_to_bit_mask_PGM
 .progmem.data.digital_pin_to_port_PGM
                0x000000d8       0x14 C:\Users\gtetil\Documents\Projects\dio-module-code\ArduinoCore\Debug\libArduinoCore.a(wiring_digital.o)
                0x000000d8                digital_pin_to_port_PGM
 .progmem.data.port_to_output_PGM
                0x000000ec        0xa C:\Users\gtetil\Documents\Projects\dio-module-code\ArduinoCore\Debug\libArduinoCore.a(wiring_digital.o)
                0x000000ec                port_to_output_PGM
 .progmem.data.port_to_mode_PGM
                0x000000f6        0xa C:\Users\gtetil\Documents\Projects\dio-module-code\ArduinoCore\Debug\libArduinoCore.a(wiring_digital.o)
                0x000000f6                port_to_mode_PGM
                0x00000100                . = ALIGN (0x2)
 *(.jumptables)
 *(.jumptables*)
 *(.lowtext)
 *(.lowtext*)
                0x00000100                __ctors_start = .
 *(.ctors)
 .ctors         0x00000100        0x2 main.o
 .ctors         0x00000102        0x2 C:\Users\gtetil\Documents\Projects\dio-module-code\ArduinoCore\Debug\libArduinoCore.a(HardwareSerial0.o)
                0x00000104                __ctors_end = .
                0x00000104                __dtors_start = .
 *(.dtors)
                0x00000104                __dtors_end = .
 SORT(*)(.ctors)
 SORT(*)(.dtors)
 *(.init0)
 .init0         0x00000104        0x0 C:/Program Files (x86)/Atmel/Studio/7.0/Packs/atmel/ATmega_DFP/1.2.272/gcc/dev/atmega328p/avr5/crtatmega328p.o
                0x00000104                __init
 *(.init0)
 *(.init1)
 *(.init1)
 *(.init2)
 .init2         0x00000104        0xc C:/Program Files (x86)/Atmel/Studio/7.0/Packs/atmel/ATmega_DFP/1.2.272/gcc/dev/atmega328p/avr5/crtatmega328p.o
 *(.init2)
 *(.init3)
 *(.init3)
 *(.init4)
 .init4         0x00000110       0x16 c:/program files (x86)/atmel/studio/7.0/toolchain/avr8/avr8-gnu-toolchain/bin/../lib/gcc/avr/5.4.0/avr5\libgcc.a(_copy_data.o)
                0x00000110                __do_copy_data
 .init4         0x00000126       0x10 c:/program files (x86)/atmel/studio/7.0/toolchain/avr8/avr8-gnu-toolchain/bin/../lib/gcc/avr/5.4.0/avr5\libgcc.a(_clear_bss.o)
                0x00000126                __do_clear_bss
 *(.init4)
 *(.init5)
 *(.init5)
 *(.init6)
 .init6         0x00000136       0x16 c:/program files (x86)/atmel/studio/7.0/toolchain/avr8/avr8-gnu-toolchain/bin/../lib/gcc/avr/5.4.0/avr5\libgcc.a(_ctors.o)
                0x00000136                __do_global_ctors
 *(.init6)
 *(.init7)
 *(.init7)
 *(.init8)
 *(.init8)
 *(.init9)
 .init9         0x0000014c        0x8 C:/Program Files (x86)/Atmel/Studio/7.0/Packs/atmel/ATmega_DFP/1.2.272/gcc/dev/atmega328p/avr5/crtatmega328p.o
 *(.init9)
 *(.text)
 .text          0x00000154        0x4 C:/Program Files (x86)/Atmel/Studio/7.0/Packs/atmel/ATmega_DFP/1.2.272/gcc/dev/atmega328p/avr5/crtatmega328p.o
                0x00000154                __vector_22
                0x00000154                __vector_24
                0x00000154                __vector_12
                0x00000154                __bad_interrupt
                0x00000154                __vector_6
                0x00000154                __vector_3
                0x00000154                __vector_23
                0x00000154                __vector_25
                0x00000154                __vector_11
                0x00000154                __vector_13
                0x00000154                __vector_17
                0x00000154                __vector_7
                0x00000154                __vector_5
                0x00000154                __vector_4
                0x00000154                __vector_9
                0x00000154                __vector_21
                0x00000154                __vector_15
                0x00000154                __vector_8
                0x00000154                __vector_14
                0x00000154                __vector_10
                0x00000154                __vector_20
                0x00000158                . = ALIGN (0x2)
 *(.text.*)
 .text._Z11MCP2515_ISRv
                0x00000158        0x8 main.o
                0x00000158                _Z11MCP2515_ISRv
 .text._ZL19set_digital_outputsh
                0x00000160       0x74 main.o
 .text._Z14read_ADC_as_DIh
                0x000001d4       0x2c main.o
                0x000001d4                _Z14read_ADC_as_DIh
 .text.setup    0x00000200       0xd4 main.o
                0x00000200                setup
 .text.loop     0x000002d4      0x154 main.o
                0x000002d4                loop
 .text.startup._GLOBAL__sub_I_rxId
                0x00000428       0x20 main.o
 .text.initVariant
                0x00000448        0x2 C:\Users\gtetil\Documents\Projects\dio-module-code\ArduinoCore\Debug\libArduinoCore.a(main.o)
                0x00000448                initVariant
 .text.startup.main
                0x0000044a       0x1e C:\Users\gtetil\Documents\Projects\dio-module-code\ArduinoCore\Debug\libArduinoCore.a(main.o)
                0x0000044a                main
 .text.nothing  0x00000468        0x2 C:\Users\gtetil\Documents\Projects\dio-module-code\ArduinoCore\Debug\libArduinoCore.a(WInterrupts.o)
 .text.attachInterrupt
                0x0000046a       0x40 C:\Users\gtetil\Documents\Projects\dio-module-code\ArduinoCore\Debug\libArduinoCore.a(WInterrupts.o)
                0x0000046a                attachInterrupt
 .text.__vector_1
                0x000004aa       0x4e C:\Users\gtetil\Documents\Projects\dio-module-code\ArduinoCore\Debug\libArduinoCore.a(WInterrupts.o)
                0x000004aa                __vector_1
 .text.__vector_2
                0x000004f8       0x4e C:\Users\gtetil\Documents\Projects\dio-module-code\ArduinoCore\Debug\libArduinoCore.a(WInterrupts.o)
                0x000004f8                __vector_2
 .text.__vector_16
                0x00000546       0x94 C:\Users\gtetil\Documents\Projects\dio-module-code\ArduinoCore\Debug\libArduinoCore.a(wiring.o)
                0x00000546                __vector_16
 .text.millis   0x000005da       0x18 C:\Users\gtetil\Documents\Projects\dio-module-code\ArduinoCore\Debug\libArduinoCore.a(wiring.o)
                0x000005da                millis
 .text.micros   0x000005f2       0x4a C:\Users\gtetil\Documents\Projects\dio-module-code\ArduinoCore\Debug\libArduinoCore.a(wiring.o)
                0x000005f2                micros
 .text.delay    0x0000063c       0x78 C:\Users\gtetil\Documents\Projects\dio-module-code\ArduinoCore\Debug\libArduinoCore.a(wiring.o)
                0x0000063c                delay
 .text.delayMicroseconds
                0x000006b4       0x16 C:\Users\gtetil\Documents\Projects\dio-module-code\ArduinoCore\Debug\libArduinoCore.a(wiring.o)
                0x000006b4                delayMicroseconds
 .text.init     0x000006ca       0x76 C:\Users\gtetil\Documents\Projects\dio-module-code\ArduinoCore\Debug\libArduinoCore.a(wiring.o)
                0x000006ca                init
 .text.turnOffPWM
                0x00000740       0x52 C:\Users\gtetil\Documents\Projects\dio-module-code\ArduinoCore\Debug\libArduinoCore.a(wiring_digital.o)
 .text.pinMode  0x00000792       0x78 C:\Users\gtetil\Documents\Projects\dio-module-code\ArduinoCore\Debug\libArduinoCore.a(wiring_digital.o)
                0x00000792                pinMode
 .text.digitalWrite
                0x0000080a       0x5e C:\Users\gtetil\Documents\Projects\dio-module-code\ArduinoCore\Debug\libArduinoCore.a(wiring_digital.o)
                0x0000080a                digitalWrite
 .text._ZN8SPIClass16beginTransactionE11SPISettings
                0x00000868       0x34 C:\Users\gtetil\Documents\Projects\dio-module-code\ArduinoCore\Debug\libArduinoCore.a(mcp_can.o)
                0x00000868                _ZN8SPIClass16beginTransactionE11SPISettings
 .text._ZN8SPIClass8transferEh
                0x0000089c        0xe C:\Users\gtetil\Documents\Projects\dio-module-code\ArduinoCore\Debug\libArduinoCore.a(mcp_can.o)
                0x0000089c                _ZN8SPIClass8transferEh
 .text._ZN8SPIClass14endTransactionEv
                0x000008aa       0x22 C:\Users\gtetil\Documents\Projects\dio-module-code\ArduinoCore\Debug\libArduinoCore.a(mcp_can.o)
                0x000008aa                _ZN8SPIClass14endTransactionEv
 .text._Z11txSidhToRTSh
                0x000008cc       0x1c C:\Users\gtetil\Documents\Projects\dio-module-code\ArduinoCore\Debug\libArduinoCore.a(mcp_can.o)
                0x000008cc                _Z11txSidhToRTSh
 .text._Z14txSidhToTxLoadh
                0x000008e8       0x1c C:\Users\gtetil\Documents\Projects\dio-module-code\ArduinoCore\Debug\libArduinoCore.a(mcp_can.o)
                0x000008e8                _Z14txSidhToTxLoadh
 .text._ZN7MCP_CAN13mcp2515_resetEv
                0x00000904       0x38 C:\Users\gtetil\Documents\Projects\dio-module-code\ArduinoCore\Debug\libArduinoCore.a(mcp_can.o)
                0x00000904                _ZN7MCP_CAN13mcp2515_resetEv
 .text._ZN7MCP_CAN20mcp2515_readRegisterEh
                0x0000093c       0x44 C:\Users\gtetil\Documents\Projects\dio-module-code\ArduinoCore\Debug\libArduinoCore.a(mcp_can.o)
                0x0000093c                _ZN7MCP_CAN20mcp2515_readRegisterEh
 .text._ZN7MCP_CAN19mcp2515_setRegisterEhh
                0x00000980       0x44 C:\Users\gtetil\Documents\Projects\dio-module-code\ArduinoCore\Debug\libArduinoCore.a(mcp_can.o)
                0x00000980                _ZN7MCP_CAN19mcp2515_setRegisterEhh
 .text._ZN7MCP_CAN22mcp2515_modifyRegisterEhhh
                0x000009c4       0x50 C:\Users\gtetil\Documents\Projects\dio-module-code\ArduinoCore\Debug\libArduinoCore.a(mcp_can.o)
                0x000009c4                _ZN7MCP_CAN22mcp2515_modifyRegisterEhhh
 .text._ZN7MCP_CAN18mcp2515_readStatusEv
                0x00000a14       0x3c C:\Users\gtetil\Documents\Projects\dio-module-code\ArduinoCore\Debug\libArduinoCore.a(mcp_can.o)
                0x00000a14                _ZN7MCP_CAN18mcp2515_readStatusEv
 .text._ZN7MCP_CAN14setSleepWakeupEh
                0x00000a50       0x12 C:\Users\gtetil\Documents\Projects\dio-module-code\ArduinoCore\Debug\libArduinoCore.a(mcp_can.o)
                0x00000a50                _ZN7MCP_CAN14setSleepWakeupEh
 .text._ZN7MCP_CAN7getModeEv
                0x00000a62        0xa C:\Users\gtetil\Documents\Projects\dio-module-code\ArduinoCore\Debug\libArduinoCore.a(mcp_can.o)
                0x00000a62                _ZN7MCP_CAN7getModeEv
 .text._ZN7MCP_CAN22mcp2515_requestNewModeEh
                0x00000a6c       0x74 C:\Users\gtetil\Documents\Projects\dio-module-code\ArduinoCore\Debug\libArduinoCore.a(mcp_can.o)
                0x00000a6c                _ZN7MCP_CAN22mcp2515_requestNewModeEh
 .text._ZN7MCP_CAN23mcp2515_setCANCTRL_ModeEh
                0x00000ae0       0x84 C:\Users\gtetil\Documents\Projects\dio-module-code\ArduinoCore\Debug\libArduinoCore.a(mcp_can.o)
                0x00000ae0                _ZN7MCP_CAN23mcp2515_setCANCTRL_ModeEh
 .text._ZN7MCP_CAN5sleepEv
                0x00000b64       0x22 C:\Users\gtetil\Documents\Projects\dio-module-code\ArduinoCore\Debug\libArduinoCore.a(mcp_can.o)
                0x00000b64                _ZN7MCP_CAN5sleepEv
 .text._ZN7MCP_CAN4wakeEv
                0x00000b86       0x22 C:\Users\gtetil\Documents\Projects\dio-module-code\ArduinoCore\Debug\libArduinoCore.a(mcp_can.o)
                0x00000b86                _ZN7MCP_CAN4wakeEv
 .text._ZN7MCP_CAN7setModeEh
                0x00000ba8        0xc C:\Users\gtetil\Documents\Projects\dio-module-code\ArduinoCore\Debug\libArduinoCore.a(mcp_can.o)
                0x00000ba8                _ZN7MCP_CAN7setModeEh
 .text._ZN7MCP_CAN18mcp2515_configRateEhh
                0x00000bb4      0x138 C:\Users\gtetil\Documents\Projects\dio-module-code\ArduinoCore\Debug\libArduinoCore.a(mcp_can.o)
                0x00000bb4                _ZN7MCP_CAN18mcp2515_configRateEhh
 .text._ZN7MCP_CAN22mcp2515_initCANBuffersEv
                0x00000cec       0x4c C:\Users\gtetil\Documents\Projects\dio-module-code\ArduinoCore\Debug\libArduinoCore.a(mcp_can.o)
                0x00000cec                _ZN7MCP_CAN22mcp2515_initCANBuffersEv
 .text._ZN7MCP_CAN12mcp2515_initEhh
                0x00000d38       0xaa C:\Users\gtetil\Documents\Projects\dio-module-code\ArduinoCore\Debug\libArduinoCore.a(mcp_can.o)
                0x00000d38                _ZN7MCP_CAN12mcp2515_initEhh
 .text._Z17mcp2515_id_to_bufhmPh
                0x00000de2       0x4e C:\Users\gtetil\Documents\Projects\dio-module-code\ArduinoCore\Debug\libArduinoCore.a(mcp_can.o)
                0x00000de2                _Z17mcp2515_id_to_bufhmPh
 .text._ZN7MCP_CAN19mcp2515_read_canMsgEhPVmPVhS3_S3_S3_
                0x00000e30      0x188 C:\Users\gtetil\Documents\Projects\dio-module-code\ArduinoCore\Debug\libArduinoCore.a(mcp_can.o)
                0x00000e30                _ZN7MCP_CAN19mcp2515_read_canMsgEhPVmPVhS3_S3_S3_
 .text._ZN7MCP_CAN22mcp2515_start_transmitEh
                0x00000fb8       0x36 C:\Users\gtetil\Documents\Projects\dio-module-code\ArduinoCore\Debug\libArduinoCore.a(mcp_can.o)
                0x00000fb8                _ZN7MCP_CAN22mcp2515_start_transmitEh
 .text._ZN7MCP_CAN20mcp2515_write_canMsgEhmhhhPVKh
                0x00000fee       0xec C:\Users\gtetil\Documents\Projects\dio-module-code\ArduinoCore\Debug\libArduinoCore.a(mcp_can.o)
                0x00000fee                _ZN7MCP_CAN20mcp2515_write_canMsgEhmhhhPVKh
 .text._ZN7MCP_CAN24mcp2515_getNextFreeTXBufEPh
                0x000010da       0x90 C:\Users\gtetil\Documents\Projects\dio-module-code\ArduinoCore\Debug\libArduinoCore.a(mcp_can.o)
                0x000010da                _ZN7MCP_CAN24mcp2515_getNextFreeTXBufEPh
 .text._ZN7MCP_CAN7init_CSEh
                0x0000116a       0x26 C:\Users\gtetil\Documents\Projects\dio-module-code\ArduinoCore\Debug\libArduinoCore.a(mcp_can.o)
                0x0000116a                _ZN7MCP_CAN7init_CSEh
 .text._ZN7MCP_CANC2Eh
                0x00001190       0x10 C:\Users\gtetil\Documents\Projects\dio-module-code\ArduinoCore\Debug\libArduinoCore.a(mcp_can.o)
                0x00001190                _ZN7MCP_CANC2Eh
                0x00001190                _ZN7MCP_CANC1Eh
 .text._ZN7MCP_CAN5beginEhh
                0x000011a0       0x30 C:\Users\gtetil\Documents\Projects\dio-module-code\ArduinoCore\Debug\libArduinoCore.a(mcp_can.o)
                0x000011a0                _ZN7MCP_CAN5beginEhh
 .text._ZN7MCP_CAN7sendMsgEmhhhPKhb
                0x000011d0       0xe8 C:\Users\gtetil\Documents\Projects\dio-module-code\ArduinoCore\Debug\libArduinoCore.a(mcp_can.o)
                0x000011d0                _ZN7MCP_CAN7sendMsgEmhhhPKhb
 .text._ZN7MCP_CAN10sendMsgBufEmhhPKhb
                0x000012b8       0x26 C:\Users\gtetil\Documents\Projects\dio-module-code\ArduinoCore\Debug\libArduinoCore.a(mcp_can.o)
                0x000012b8                _ZN7MCP_CAN10sendMsgBufEmhhPKhb
 .text._ZN7MCP_CAN12readMsgBufIDEhPVmPVhS3_S3_S3_
                0x000012de       0x7e C:\Users\gtetil\Documents\Projects\dio-module-code\ArduinoCore\Debug\libArduinoCore.a(mcp_can.o)
                0x000012de                _ZN7MCP_CAN12readMsgBufIDEhPVmPVhS3_S3_S3_
 .text._ZN7MCP_CAN14readRxTxStatusEv
                0x0000135c       0x32 C:\Users\gtetil\Documents\Projects\dio-module-code\ArduinoCore\Debug\libArduinoCore.a(mcp_can.o)
                0x0000135c                _ZN7MCP_CAN14readRxTxStatusEv
 .text._ZN7MCP_CAN10readMsgBufEPhS0_
                0x0000138e       0x42 C:\Users\gtetil\Documents\Projects\dio-module-code\ArduinoCore\Debug\libArduinoCore.a(mcp_can.o)
                0x0000138e                _ZN7MCP_CAN10readMsgBufEPhS0_
 .text._ZN7MCP_CAN12checkReceiveEv
                0x000013d0       0x10 C:\Users\gtetil\Documents\Projects\dio-module-code\ArduinoCore\Debug\libArduinoCore.a(mcp_can.o)
                0x000013d0                _ZN7MCP_CAN12checkReceiveEv
 .text._ZN7MCP_CAN10mcpPinModeEhh
                0x000013e0      0x10c C:\Users\gtetil\Documents\Projects\dio-module-code\ArduinoCore\Debug\libArduinoCore.a(mcp_can.o)
                0x000013e0                _ZN7MCP_CAN10mcpPinModeEhh
 .text._ZN7MCP_CAN15mcpDigitalWriteEhh
                0x000014ec       0x3e C:\Users\gtetil\Documents\Projects\dio-module-code\ArduinoCore\Debug\libArduinoCore.a(mcp_can.o)
                0x000014ec                _ZN7MCP_CAN15mcpDigitalWriteEhh
 .text._ZN8SPIClass5beginEv
                0x0000152a       0x6c C:\Users\gtetil\Documents\Projects\dio-module-code\ArduinoCore\Debug\libArduinoCore.a(SPI.o)
                0x0000152a                _ZN8SPIClass5beginEv
 .text.__vector_18
                0x00001596       0x64 C:\Users\gtetil\Documents\Projects\dio-module-code\ArduinoCore\Debug\libArduinoCore.a(HardwareSerial0.o)
                0x00001596                __vector_18
 .text.__vector_19
                0x000015fa       0x4c C:\Users\gtetil\Documents\Projects\dio-module-code\ArduinoCore\Debug\libArduinoCore.a(HardwareSerial0.o)
                0x000015fa                __vector_19
 .text._Z17Serial0_availablev
                0x00001646       0x14 C:\Users\gtetil\Documents\Projects\dio-module-code\ArduinoCore\Debug\libArduinoCore.a(HardwareSerial0.o)
                0x00001646                _Z17Serial0_availablev
 .text.startup._GLOBAL__sub_I___vector_18
                0x0000165a       0x5a C:\Users\gtetil\Documents\Projects\dio-module-code\ArduinoCore\Debug\libArduinoCore.a(HardwareSerial0.o)
 .text.__empty  0x000016b4        0x2 C:\Users\gtetil\Documents\Projects\dio-module-code\ArduinoCore\Debug\libArduinoCore.a(hooks.o)
                0x000016b4                yield
 .text._ZN5Print5writeEPKhj
                0x000016b6       0x54 C:\Users\gtetil\Documents\Projects\dio-module-code\ArduinoCore\Debug\libArduinoCore.a(Print.o)
                0x000016b6                _ZN5Print5writeEPKhj
 .text._ZN5Print5writeEPKc
                0x0000170a       0x2a C:\Users\gtetil\Documents\Projects\dio-module-code\ArduinoCore\Debug\libArduinoCore.a(Print.o)
                0x0000170a                _ZN5Print5writeEPKc
 .text._ZN5Print5printEPKc
                0x00001734        0x4 C:\Users\gtetil\Documents\Projects\dio-module-code\ArduinoCore\Debug\libArduinoCore.a(Print.o)
                0x00001734                _ZN5Print5printEPKc
 .text._ZN14HardwareSerial9availableEv
                0x00001738       0x18 C:\Users\gtetil\Documents\Projects\dio-module-code\ArduinoCore\Debug\libArduinoCore.a(HardwareSerial.o)
                0x00001738                _ZN14HardwareSerial9availableEv
 .text._ZN14HardwareSerial4peekEv
                0x00001750       0x1c C:\Users\gtetil\Documents\Projects\dio-module-code\ArduinoCore\Debug\libArduinoCore.a(HardwareSerial.o)
                0x00001750                _ZN14HardwareSerial4peekEv
 .text._ZN14HardwareSerial4readEv
                0x0000176c       0x28 C:\Users\gtetil\Documents\Projects\dio-module-code\ArduinoCore\Debug\libArduinoCore.a(HardwareSerial.o)
                0x0000176c                _ZN14HardwareSerial4readEv
 .text._ZN14HardwareSerial17availableForWriteEv
                0x00001794       0x1e C:\Users\gtetil\Documents\Projects\dio-module-code\ArduinoCore\Debug\libArduinoCore.a(HardwareSerial.o)
                0x00001794                _ZN14HardwareSerial17availableForWriteEv
 .text._Z14serialEventRunv
                0x000017b2       0x1c C:\Users\gtetil\Documents\Projects\dio-module-code\ArduinoCore\Debug\libArduinoCore.a(HardwareSerial.o)
                0x000017b2                _Z14serialEventRunv
 .text._ZN14HardwareSerial17_tx_udr_empty_irqEv
                0x000017ce       0x44 C:\Users\gtetil\Documents\Projects\dio-module-code\ArduinoCore\Debug\libArduinoCore.a(HardwareSerial.o)
                0x000017ce                _ZN14HardwareSerial17_tx_udr_empty_irqEv
 .text._ZN14HardwareSerial5writeEh
                0x00001812       0x9a C:\Users\gtetil\Documents\Projects\dio-module-code\ArduinoCore\Debug\libArduinoCore.a(HardwareSerial.o)
                0x00001812                _ZN14HardwareSerial5writeEh
 .text._ZN14HardwareSerial5flushEv
                0x000018ac       0x44 C:\Users\gtetil\Documents\Projects\dio-module-code\ArduinoCore\Debug\libArduinoCore.a(HardwareSerial.o)
                0x000018ac                _ZN14HardwareSerial5flushEv
 .text.libgcc   0x000018f0        0xc c:/program files (x86)/atmel/studio/7.0/toolchain/avr8/avr8-gnu-toolchain/bin/../lib/gcc/avr/5.4.0/avr5\libgcc.a(_tablejump2.o)
                0x000018f0                __tablejump2__
                0x000018fc                . = ALIGN (0x2)
 *(.fini9)
 .fini9         0x000018fc        0x0 c:/program files (x86)/atmel/studio/7.0/toolchain/avr8/avr8-gnu-toolchain/bin/../lib/gcc/avr/5.4.0/avr5\libgcc.a(_exit.o)
                0x000018fc                _exit
                0x000018fc                exit
 *(.fini9)
 *(.fini8)
 *(.fini8)
 *(.fini7)
 *(.fini7)
 *(.fini6)
 *(.fini6)
 *(.fini5)
 *(.fini5)
 *(.fini4)
 *(.fini4)
 *(.fini3)
 *(.fini3)
 *(.fini2)
 *(.fini2)
 *(.fini1)
 *(.fini1)
 *(.fini0)
 .fini0         0x000018fc        0x4 c:/program files (x86)/atmel/studio/7.0/toolchain/avr8/avr8-gnu-toolchain/bin/../lib/gcc/avr/5.4.0/avr5\libgcc.a(_exit.o)
 *(.fini0)
                0x00001900                _etext = .

.data           0x00800100      0x234 load address 0x00001900
                0x00800100                PROVIDE (__data_start, .)
 *(.data)
 *(.data*)
 .data.intFunc  0x00800100        0x4 C:\Users\gtetil\Documents\Projects\dio-module-code\ArduinoCore\Debug\libArduinoCore.a(WInterrupts.o)
 *(.gnu.linkonce.d*)
 *(.rodata)
 *(.rodata*)
 .rodata.str1.1
                0x00800104      0x215 C:\Users\gtetil\Documents\Projects\dio-module-code\ArduinoCore\Debug\libArduinoCore.a(mcp_can.o)
 .rodata.CSWTCH.69
                0x00800319        0x3 C:\Users\gtetil\Documents\Projects\dio-module-code\ArduinoCore\Debug\libArduinoCore.a(mcp_can.o)
 .rodata.CSWTCH.67
                0x0080031c        0x3 C:\Users\gtetil\Documents\Projects\dio-module-code\ArduinoCore\Debug\libArduinoCore.a(mcp_can.o)
 .rodata.CSWTCH.59
                0x0080031f        0x3 C:\Users\gtetil\Documents\Projects\dio-module-code\ArduinoCore\Debug\libArduinoCore.a(mcp_can.o)
 .rodata._ZTV14HardwareSerial
                0x00800322       0x12 C:\Users\gtetil\Documents\Projects\dio-module-code\ArduinoCore\Debug\libArduinoCore.a(HardwareSerial.o)
                0x00800322                _ZTV14HardwareSerial
 *(.gnu.linkonce.r*)
                0x00800334                . = ALIGN (0x2)
                0x00800334                _edata = .
                0x00800334                PROVIDE (__data_end, .)

.bss            0x00800334       0xd3
                0x00800334                PROVIDE (__bss_start, .)
 *(.bss)
 *(.bss*)
 .bss.CAN_output_address
                0x00800334        0x2 main.o
                0x00800334                CAN_output_address
 .bss.CAN_input_address
                0x00800336        0x2 main.o
                0x00800336                CAN_input_address
 .bss.lastBusActivity
                0x00800338        0x4 main.o
                0x00800338                lastBusActivity
 .bss.do_data   0x0080033c        0x1 main.o
                0x0080033c                do_data
 .bss.sent_msg  0x0080033d        0x2 main.o
                0x0080033d                sent_msg
 .bss.message   0x0080033f        0x8 main.o
                0x0080033f                message
 .bss.CAN       0x00800347        0xb main.o
                0x00800347                CAN
 .bss.flagRecv  0x00800352        0x1 main.o
                0x00800352                flagRecv
 .bss.rxBuf     0x00800353        0x8 main.o
                0x00800353                rxBuf
 .bss.len       0x0080035b        0x1 main.o
                0x0080035b                len
 .bss.timer0_fract
                0x0080035c        0x1 C:\Users\gtetil\Documents\Projects\dio-module-code\ArduinoCore\Debug\libArduinoCore.a(wiring.o)
 .bss.timer0_millis
                0x0080035d        0x4 C:\Users\gtetil\Documents\Projects\dio-module-code\ArduinoCore\Debug\libArduinoCore.a(wiring.o)
                0x0080035d                timer0_millis
 .bss.timer0_overflow_count
                0x00800361        0x4 C:\Users\gtetil\Documents\Projects\dio-module-code\ArduinoCore\Debug\libArduinoCore.a(wiring.o)
                0x00800361                timer0_overflow_count
 .bss._ZN8SPIClass13interruptSaveE
                0x00800365        0x1 C:\Users\gtetil\Documents\Projects\dio-module-code\ArduinoCore\Debug\libArduinoCore.a(SPI.o)
                0x00800365                _ZN8SPIClass13interruptSaveE
 .bss._ZN8SPIClass13interruptMaskE
                0x00800366        0x1 C:\Users\gtetil\Documents\Projects\dio-module-code\ArduinoCore\Debug\libArduinoCore.a(SPI.o)
                0x00800366                _ZN8SPIClass13interruptMaskE
 .bss._ZN8SPIClass13interruptModeE
                0x00800367        0x1 C:\Users\gtetil\Documents\Projects\dio-module-code\ArduinoCore\Debug\libArduinoCore.a(SPI.o)
                0x00800367                _ZN8SPIClass13interruptModeE
 .bss._ZN8SPIClass11initializedE
                0x00800368        0x1 C:\Users\gtetil\Documents\Projects\dio-module-code\ArduinoCore\Debug\libArduinoCore.a(SPI.o)
                0x00800368                _ZN8SPIClass11initializedE
 .bss.SPI       0x00800369        0x1 C:\Users\gtetil\Documents\Projects\dio-module-code\ArduinoCore\Debug\libArduinoCore.a(SPI.o)
                0x00800369                SPI
 .bss.Serial    0x0080036a       0x9d C:\Users\gtetil\Documents\Projects\dio-module-code\ArduinoCore\Debug\libArduinoCore.a(HardwareSerial0.o)
                0x0080036a                Serial
 *(COMMON)
                0x00800407                PROVIDE (__bss_end, .)
                0x00001900                __data_load_start = LOADADDR (.data)
                0x00001b34                __data_load_end = (__data_load_start + SIZEOF (.data))

.noinit         0x00800407        0x0
                [!provide]                PROVIDE (__noinit_start, .)
 *(.noinit*)
                [!provide]                PROVIDE (__noinit_end, .)
                0x00800407                _end = .
                [!provide]                PROVIDE (__heap_start, .)

.eeprom         0x00810000        0x0
 *(.eeprom*)
                0x00810000                __eeprom_end = .

.fuse
 *(.fuse)
 *(.lfuse)
 *(.hfuse)
 *(.efuse)

.lock
 *(.lock*)

.signature
 *(.signature*)

.user_signatures
 *(.user_signatures*)

.stab
 *(.stab)

.stabstr
 *(.stabstr)

.stab.excl
 *(.stab.excl)

.stab.exclstr
 *(.stab.exclstr)

.stab.index
 *(.stab.index)

.stab.indexstr
 *(.stab.indexstr)

.comment        0x00000000       0x30
 *(.comment)
 .comment       0x00000000       0x30 main.o
                                 0x31 (size before relaxing)
 .comment       0x00000030       0x31 C:\Users\gtetil\Documents\Projects\dio-module-code\ArduinoCore\Debug\libArduinoCore.a(main.o)
 .comment       0x00000030       0x31 C:\Users\gtetil\Documents\Projects\dio-module-code\ArduinoCore\Debug\libArduinoCore.a(WInterrupts.o)
 .comment       0x00000030       0x31 C:\Users\gtetil\Documents\Projects\dio-module-code\ArduinoCore\Debug\libArduinoCore.a(wiring.o)
 .comment       0x00000030       0x31 C:\Users\gtetil\Documents\Projects\dio-module-code\ArduinoCore\Debug\libArduinoCore.a(wiring_digital.o)
 .comment       0x00000030       0x31 C:\Users\gtetil\Documents\Projects\dio-module-code\ArduinoCore\Debug\libArduinoCore.a(mcp_can.o)
 .comment       0x00000030       0x31 C:\Users\gtetil\Documents\Projects\dio-module-code\ArduinoCore\Debug\libArduinoCore.a(SPI.o)
 .comment       0x00000030       0x31 C:\Users\gtetil\Documents\Projects\dio-module-code\ArduinoCore\Debug\libArduinoCore.a(HardwareSerial0.o)
 .comment       0x00000030       0x31 C:\Users\gtetil\Documents\Projects\dio-module-code\ArduinoCore\Debug\libArduinoCore.a(hooks.o)
 .comment       0x00000030       0x31 C:\Users\gtetil\Documents\Projects\dio-module-code\ArduinoCore\Debug\libArduinoCore.a(Print.o)
 .comment       0x00000030       0x31 C:\Users\gtetil\Documents\Projects\dio-module-code\ArduinoCore\Debug\libArduinoCore.a(HardwareSerial.o)

.note.gnu.avr.deviceinfo
                0x00000000       0x40
 .note.gnu.avr.deviceinfo
                0x00000000       0x40 C:/Program Files (x86)/Atmel/Studio/7.0/Packs/atmel/ATmega_DFP/1.2.272/gcc/dev/atmega328p/avr5/crtatmega328p.o

.note.gnu.build-id
 *(.note.gnu.build-id)

.debug
 *(.debug)

.line
 *(.line)

.debug_srcinfo
 *(.debug_srcinfo)

.debug_sfnames
 *(.debug_sfnames)

.debug_aranges  0x00000000      0x540
 *(.debug_aranges)
 .debug_aranges
                0x00000000       0x48 main.o
 .debug_aranges
                0x00000048       0x30 C:\Users\gtetil\Documents\Projects\dio-module-code\ArduinoCore\Debug\libArduinoCore.a(main.o)
 .debug_aranges
                0x00000078       0x40 C:\Users\gtetil\Documents\Projects\dio-module-code\ArduinoCore\Debug\libArduinoCore.a(WInterrupts.o)
 .debug_aranges
                0x000000b8       0x48 C:\Users\gtetil\Documents\Projects\dio-module-code\ArduinoCore\Debug\libArduinoCore.a(wiring.o)
 .debug_aranges
                0x00000100       0x38 C:\Users\gtetil\Documents\Projects\dio-module-code\ArduinoCore\Debug\libArduinoCore.a(wiring_digital.o)
 .debug_aranges
                0x00000138      0x200 C:\Users\gtetil\Documents\Projects\dio-module-code\ArduinoCore\Debug\libArduinoCore.a(mcp_can.o)
 .debug_aranges
                0x00000338       0x38 C:\Users\gtetil\Documents\Projects\dio-module-code\ArduinoCore\Debug\libArduinoCore.a(SPI.o)
 .debug_aranges
                0x00000370       0x48 C:\Users\gtetil\Documents\Projects\dio-module-code\ArduinoCore\Debug\libArduinoCore.a(HardwareSerial0.o)
 .debug_aranges
                0x000003b8       0x20 C:\Users\gtetil\Documents\Projects\dio-module-code\ArduinoCore\Debug\libArduinoCore.a(hooks.o)
 .debug_aranges
                0x000003d8      0x100 C:\Users\gtetil\Documents\Projects\dio-module-code\ArduinoCore\Debug\libArduinoCore.a(Print.o)
 .debug_aranges
                0x000004d8       0x68 C:\Users\gtetil\Documents\Projects\dio-module-code\ArduinoCore\Debug\libArduinoCore.a(HardwareSerial.o)

.debug_pubnames
 *(.debug_pubnames)

.debug_info     0x00000000     0xc7e1
 *(.debug_info .gnu.linkonce.wi.*)
 .debug_info    0x00000000      0x5f4 C:/Program Files (x86)/Atmel/Studio/7.0/Packs/atmel/ATmega_DFP/1.2.272/gcc/dev/atmega328p/avr5/crtatmega328p.o
 .debug_info    0x000005f4     0x153d main.o
 .debug_info    0x00001b31      0x237 C:\Users\gtetil\Documents\Projects\dio-module-code\ArduinoCore\Debug\libArduinoCore.a(main.o)
 .debug_info    0x00001d68      0x21c C:\Users\gtetil\Documents\Projects\dio-module-code\ArduinoCore\Debug\libArduinoCore.a(WInterrupts.o)
 .debug_info    0x00001f84      0x2cb C:\Users\gtetil\Documents\Projects\dio-module-code\ArduinoCore\Debug\libArduinoCore.a(wiring.o)
 .debug_info    0x0000224f      0x5fe C:\Users\gtetil\Documents\Projects\dio-module-code\ArduinoCore\Debug\libArduinoCore.a(wiring_digital.o)
 .debug_info    0x0000284d     0x3572 C:\Users\gtetil\Documents\Projects\dio-module-code\ArduinoCore\Debug\libArduinoCore.a(mcp_can.o)
 .debug_info    0x00005dbf      0x66b C:\Users\gtetil\Documents\Projects\dio-module-code\ArduinoCore\Debug\libArduinoCore.a(SPI.o)
 .debug_info    0x0000642a     0x1b16 C:\Users\gtetil\Documents\Projects\dio-module-code\ArduinoCore\Debug\libArduinoCore.a(HardwareSerial0.o)
 .debug_info    0x00007f40       0x3e C:\Users\gtetil\Documents\Projects\dio-module-code\ArduinoCore\Debug\libArduinoCore.a(hooks.o)
 .debug_info    0x00007f7e     0x28ff C:\Users\gtetil\Documents\Projects\dio-module-code\ArduinoCore\Debug\libArduinoCore.a(Print.o)
 .debug_info    0x0000a87d     0x1f64 C:\Users\gtetil\Documents\Projects\dio-module-code\ArduinoCore\Debug\libArduinoCore.a(HardwareSerial.o)

.debug_abbrev   0x00000000     0x2350
 *(.debug_abbrev)
 .debug_abbrev  0x00000000      0x5a2 C:/Program Files (x86)/Atmel/Studio/7.0/Packs/atmel/ATmega_DFP/1.2.272/gcc/dev/atmega328p/avr5/crtatmega328p.o
 .debug_abbrev  0x000005a2      0x40a main.o
 .debug_abbrev  0x000009ac      0x12d C:\Users\gtetil\Documents\Projects\dio-module-code\ArduinoCore\Debug\libArduinoCore.a(main.o)
 .debug_abbrev  0x00000ad9       0xfc C:\Users\gtetil\Documents\Projects\dio-module-code\ArduinoCore\Debug\libArduinoCore.a(WInterrupts.o)
 .debug_abbrev  0x00000bd5      0x146 C:\Users\gtetil\Documents\Projects\dio-module-code\ArduinoCore\Debug\libArduinoCore.a(wiring.o)
 .debug_abbrev  0x00000d1b      0x15b C:\Users\gtetil\Documents\Projects\dio-module-code\ArduinoCore\Debug\libArduinoCore.a(wiring_digital.o)
 .debug_abbrev  0x00000e76      0x52e C:\Users\gtetil\Documents\Projects\dio-module-code\ArduinoCore\Debug\libArduinoCore.a(mcp_can.o)
 .debug_abbrev  0x000013a4      0x283 C:\Users\gtetil\Documents\Projects\dio-module-code\ArduinoCore\Debug\libArduinoCore.a(SPI.o)
 .debug_abbrev  0x00001627      0x3ce C:\Users\gtetil\Documents\Projects\dio-module-code\ArduinoCore\Debug\libArduinoCore.a(HardwareSerial0.o)
 .debug_abbrev  0x000019f5       0x2a C:\Users\gtetil\Documents\Projects\dio-module-code\ArduinoCore\Debug\libArduinoCore.a(hooks.o)
 .debug_abbrev  0x00001a1f      0x47a C:\Users\gtetil\Documents\Projects\dio-module-code\ArduinoCore\Debug\libArduinoCore.a(Print.o)
 .debug_abbrev  0x00001e99      0x4b7 C:\Users\gtetil\Documents\Projects\dio-module-code\ArduinoCore\Debug\libArduinoCore.a(HardwareSerial.o)

.debug_line     0x00000000     0x3354
 *(.debug_line .debug_line.* .debug_line_end)
 .debug_line    0x00000000      0x133 C:/Program Files (x86)/Atmel/Studio/7.0/Packs/atmel/ATmega_DFP/1.2.272/gcc/dev/atmega328p/avr5/crtatmega328p.o
 .debug_line    0x00000133      0x4e3 main.o
 .debug_line    0x00000616      0x165 C:\Users\gtetil\Documents\Projects\dio-module-code\ArduinoCore\Debug\libArduinoCore.a(main.o)
 .debug_line    0x0000077b      0x1a0 C:\Users\gtetil\Documents\Projects\dio-module-code\ArduinoCore\Debug\libArduinoCore.a(WInterrupts.o)
 .debug_line    0x0000091b      0x299 C:\Users\gtetil\Documents\Projects\dio-module-code\ArduinoCore\Debug\libArduinoCore.a(wiring.o)
 .debug_line    0x00000bb4      0x252 C:\Users\gtetil\Documents\Projects\dio-module-code\ArduinoCore\Debug\libArduinoCore.a(wiring_digital.o)
 .debug_line    0x00000e06     0x1455 C:\Users\gtetil\Documents\Projects\dio-module-code\ArduinoCore\Debug\libArduinoCore.a(mcp_can.o)
 .debug_line    0x0000225b      0x2e3 C:\Users\gtetil\Documents\Projects\dio-module-code\ArduinoCore\Debug\libArduinoCore.a(SPI.o)
 .debug_line    0x0000253e      0x28c C:\Users\gtetil\Documents\Projects\dio-module-code\ArduinoCore\Debug\libArduinoCore.a(HardwareSerial0.o)
 .debug_line    0x000027ca       0x41 C:\Users\gtetil\Documents\Projects\dio-module-code\ArduinoCore\Debug\libArduinoCore.a(hooks.o)
 .debug_line    0x0000280b      0x685 C:\Users\gtetil\Documents\Projects\dio-module-code\ArduinoCore\Debug\libArduinoCore.a(Print.o)
 .debug_line    0x00002e90      0x4c4 C:\Users\gtetil\Documents\Projects\dio-module-code\ArduinoCore\Debug\libArduinoCore.a(HardwareSerial.o)

.debug_frame    0x00000000     0x1224
 *(.debug_frame)
 .debug_frame   0x00000000       0x84 main.o
 .debug_frame   0x00000084       0x54 C:\Users\gtetil\Documents\Projects\dio-module-code\ArduinoCore\Debug\libArduinoCore.a(main.o)
 .debug_frame   0x000000d8       0xf4 C:\Users\gtetil\Documents\Projects\dio-module-code\ArduinoCore\Debug\libArduinoCore.a(WInterrupts.o)
 .debug_frame   0x000001cc       0xc4 C:\Users\gtetil\Documents\Projects\dio-module-code\ArduinoCore\Debug\libArduinoCore.a(wiring.o)
 .debug_frame   0x00000290       0x7c C:\Users\gtetil\Documents\Projects\dio-module-code\ArduinoCore\Debug\libArduinoCore.a(wiring_digital.o)
 .debug_frame   0x0000030c      0x8fc C:\Users\gtetil\Documents\Projects\dio-module-code\ArduinoCore\Debug\libArduinoCore.a(mcp_can.o)
 .debug_frame   0x00000c08       0x5c C:\Users\gtetil\Documents\Projects\dio-module-code\ArduinoCore\Debug\libArduinoCore.a(SPI.o)
 .debug_frame   0x00000c64       0xe0 C:\Users\gtetil\Documents\Projects\dio-module-code\ArduinoCore\Debug\libArduinoCore.a(HardwareSerial0.o)
 .debug_frame   0x00000d44       0x24 C:\Users\gtetil\Documents\Projects\dio-module-code\ArduinoCore\Debug\libArduinoCore.a(hooks.o)
 .debug_frame   0x00000d68      0x3ac C:\Users\gtetil\Documents\Projects\dio-module-code\ArduinoCore\Debug\libArduinoCore.a(Print.o)
 .debug_frame   0x00001114      0x110 C:\Users\gtetil\Documents\Projects\dio-module-code\ArduinoCore\Debug\libArduinoCore.a(HardwareSerial.o)

.debug_str      0x00000000     0x31af
 *(.debug_str)
 .debug_str     0x00000000      0x208 C:/Program Files (x86)/Atmel/Studio/7.0/Packs/atmel/ATmega_DFP/1.2.272/gcc/dev/atmega328p/avr5/crtatmega328p.o
 .debug_str     0x00000208     0x118c main.o
                               0x11f2 (size before relaxing)
 .debug_str     0x00001394       0x9f C:\Users\gtetil\Documents\Projects\dio-module-code\ArduinoCore\Debug\libArduinoCore.a(main.o)
                                0x2a4 (size before relaxing)
 .debug_str     0x00001433      0x136 C:\Users\gtetil\Documents\Projects\dio-module-code\ArduinoCore\Debug\libArduinoCore.a(WInterrupts.o)
                                0x227 (size before relaxing)
 .debug_str     0x00001569       0x85 C:\Users\gtetil\Documents\Projects\dio-module-code\ArduinoCore\Debug\libArduinoCore.a(wiring.o)
                                0x23a (size before relaxing)
 .debug_str     0x000015ee       0xdc C:\Users\gtetil\Documents\Projects\dio-module-code\ArduinoCore\Debug\libArduinoCore.a(wiring_digital.o)
                                0x29f (size before relaxing)
 .debug_str     0x000016ca      0x2fa C:\Users\gtetil\Documents\Projects\dio-module-code\ArduinoCore\Debug\libArduinoCore.a(mcp_can.o)
                               0x1322 (size before relaxing)
 .debug_str     0x000019c4       0x9f C:\Users\gtetil\Documents\Projects\dio-module-code\ArduinoCore\Debug\libArduinoCore.a(SPI.o)
                                0x69d (size before relaxing)
 .debug_str     0x00001a63     0x109e C:\Users\gtetil\Documents\Projects\dio-module-code\ArduinoCore\Debug\libArduinoCore.a(HardwareSerial0.o)
                               0x13f8 (size before relaxing)
 .debug_str     0x00002b01       0x1c C:\Users\gtetil\Documents\Projects\dio-module-code\ArduinoCore\Debug\libArduinoCore.a(hooks.o)
                                0x12f (size before relaxing)
 .debug_str     0x00002b1d      0x3c5 C:\Users\gtetil\Documents\Projects\dio-module-code\ArduinoCore\Debug\libArduinoCore.a(Print.o)
                               0x1232 (size before relaxing)
 .debug_str     0x00002ee2      0x2cd C:\Users\gtetil\Documents\Projects\dio-module-code\ArduinoCore\Debug\libArduinoCore.a(HardwareSerial.o)
                               0x1605 (size before relaxing)

.debug_loc      0x00000000     0x713d
 *(.debug_loc)
 .debug_loc     0x00000000      0x330 main.o
 .debug_loc     0x00000330      0x235 C:\Users\gtetil\Documents\Projects\dio-module-code\ArduinoCore\Debug\libArduinoCore.a(WInterrupts.o)
 .debug_loc     0x00000565      0x28d C:\Users\gtetil\Documents\Projects\dio-module-code\ArduinoCore\Debug\libArduinoCore.a(wiring.o)
 .debug_loc     0x000007f2      0x5fc C:\Users\gtetil\Documents\Projects\dio-module-code\ArduinoCore\Debug\libArduinoCore.a(wiring_digital.o)
 .debug_loc     0x00000dee     0x3e58 C:\Users\gtetil\Documents\Projects\dio-module-code\ArduinoCore\Debug\libArduinoCore.a(mcp_can.o)
 .debug_loc     0x00004c46      0x1e4 C:\Users\gtetil\Documents\Projects\dio-module-code\ArduinoCore\Debug\libArduinoCore.a(SPI.o)
 .debug_loc     0x00004e2a      0x1b0 C:\Users\gtetil\Documents\Projects\dio-module-code\ArduinoCore\Debug\libArduinoCore.a(HardwareSerial0.o)
 .debug_loc     0x00004fda     0x1c87 C:\Users\gtetil\Documents\Projects\dio-module-code\ArduinoCore\Debug\libArduinoCore.a(Print.o)
 .debug_loc     0x00006c61      0x4dc C:\Users\gtetil\Documents\Projects\dio-module-code\ArduinoCore\Debug\libArduinoCore.a(HardwareSerial.o)

.debug_macinfo
 *(.debug_macinfo)

.debug_weaknames
 *(.debug_weaknames)

.debug_funcnames
 *(.debug_funcnames)

.debug_typenames
 *(.debug_typenames)

.debug_varnames
 *(.debug_varnames)

.debug_pubtypes
 *(.debug_pubtypes)

.debug_ranges   0x00000000      0x4d8
 *(.debug_ranges)
 .debug_ranges  0x00000000       0x38 main.o
 .debug_ranges  0x00000038       0x20 C:\Users\gtetil\Documents\Projects\dio-module-code\ArduinoCore\Debug\libArduinoCore.a(main.o)
 .debug_ranges  0x00000058       0x30 C:\Users\gtetil\Documents\Projects\dio-module-code\ArduinoCore\Debug\libArduinoCore.a(WInterrupts.o)
 .debug_ranges  0x00000088       0x38 C:\Users\gtetil\Documents\Projects\dio-module-code\ArduinoCore\Debug\libArduinoCore.a(wiring.o)
 .debug_ranges  0x000000c0       0x28 C:\Users\gtetil\Documents\Projects\dio-module-code\ArduinoCore\Debug\libArduinoCore.a(wiring_digital.o)
 .debug_ranges  0x000000e8      0x208 C:\Users\gtetil\Documents\Projects\dio-module-code\ArduinoCore\Debug\libArduinoCore.a(mcp_can.o)
 .debug_ranges  0x000002f0       0x28 C:\Users\gtetil\Documents\Projects\dio-module-code\ArduinoCore\Debug\libArduinoCore.a(SPI.o)
 .debug_ranges  0x00000318       0x38 C:\Users\gtetil\Documents\Projects\dio-module-code\ArduinoCore\Debug\libArduinoCore.a(HardwareSerial0.o)
 .debug_ranges  0x00000350       0x10 C:\Users\gtetil\Documents\Projects\dio-module-code\ArduinoCore\Debug\libArduinoCore.a(hooks.o)
 .debug_ranges  0x00000360      0x120 C:\Users\gtetil\Documents\Projects\dio-module-code\ArduinoCore\Debug\libArduinoCore.a(Print.o)
 .debug_ranges  0x00000480       0x58 C:\Users\gtetil\Documents\Projects\dio-module-code\ArduinoCore\Debug\libArduinoCore.a(HardwareSerial.o)

.debug_macro
 *(.debug_macro)
OUTPUT(dio-module-code.elf elf32-avr)
LOAD linker stubs
